Archive member included because of file (symbol)

arch/arm/lib/lib.a(ashldi3.o)
                              drivers/mmc/built-in.o (__aeabi_llsl)
arch/arm/lib/lib.a(lib1funcs.o)
                              arch/arm/cpu/armv7/built-in.o (__aeabi_uidiv)
arch/arm/lib/lib.a(lshrdi3.o)
                              fs/built-in.o (__aeabi_llsr)
arch/arm/lib/lib.a(div0.o)    arch/arm/lib/lib.a(lib1funcs.o) (__div0)

Discarded input sections

 .data          0x00000000        0x0 arch/arm/cpu/armv7/start.o
 .bss           0x00000000        0x0 arch/arm/cpu/armv7/start.o
 .text.mmu_page_table_flush
                0x00000000       0x24 arch/arm/cpu/armv7/built-in.o
 .text.v7_arch_cp15_set_l2aux_ctrl
                0x00000000        0x8 arch/arm/cpu/armv7/built-in.o
 .text.v7_arch_cp15_set_acr
                0x00000000        0x8 arch/arm/cpu/armv7/built-in.o
 .text.sdelay   0x00000000        0xc arch/arm/cpu/armv7/built-in.o
 .text.wait_on_value
                0x00000000       0x38 arch/arm/cpu/armv7/built-in.o
 .text.protect_secure_section
                0x00000000        0x4 arch/arm/cpu/armv7/built-in.o
 .text.smp_kick_all_cpus
                0x00000000       0x20 arch/arm/cpu/armv7/built-in.o
 .data          0x00000000        0x0 arch/arm/cpu/armv7/built-in.o
 .bss           0x00000000        0x0 arch/arm/cpu/armv7/built-in.o
 .text.enable_caches
                0x00000000        0xc arch/arm/lib/built-in.o
 .text.invalidate_dcache_range
                0x00000000        0x4 arch/arm/lib/built-in.o
 .text.flush_dcache_range
                0x00000000        0x4 arch/arm/lib/built-in.o
 .text.flush_dcache_all
                0x00000000        0xc arch/arm/lib/built-in.o
 .text.arm_init_before_mmu
                0x00000000        0x4 arch/arm/lib/built-in.o
 .text.mmu_page_table_flush
                0x00000000        0x4 arch/arm/lib/built-in.o
 .text.mmu_set_region_dcache_behaviour
                0x00000000       0x5c arch/arm/lib/built-in.o
 .text.icache_status
                0x00000000        0xc arch/arm/lib/built-in.o
 .data          0x00000000        0x0 arch/arm/lib/built-in.o
 .bss           0x00000000        0x0 arch/arm/lib/built-in.o
 .text          0x00000000        0x0 arch/arm/mach-sunxi/built-in.o
 .text.spl_board_load_image
                0x00000000       0x1c arch/arm/mach-sunxi/built-in.o
 .text.mctl_await_completion
                0x00000000       0x50 arch/arm/mach-sunxi/built-in.o
 .text.mctl_mem_matches
                0x00000000       0x48 arch/arm/mach-sunxi/built-in.o
 .text.sunxi_gpio_get_cfgpin
                0x00000000       0x30 arch/arm/mach-sunxi/built-in.o
 .text.sunxi_usb_phy_enable_squelch_detect
                0x00000000       0xa4 arch/arm/mach-sunxi/built-in.o
 .text.sunxi_usb_phy_power_off
                0x00000000       0x30 arch/arm/mach-sunxi/built-in.o
 .text.sunxi_usb_phy_power_is_on
                0x00000000       0x20 arch/arm/mach-sunxi/built-in.o
 .text.sunxi_usb_phy_vbus_detect
                0x00000000       0x4c arch/arm/mach-sunxi/built-in.o
 .text.sunxi_usb_phy_id_detect
                0x00000000       0x1c arch/arm/mach-sunxi/built-in.o
 .text.sunxi_usb_phy_remove
                0x00000000       0x68 arch/arm/mach-sunxi/built-in.o
 .text.rsb_await_trans
                0x00000000       0x68 arch/arm/mach-sunxi/built-in.o
 .text.rsb_do_trans
                0x00000000       0x18 arch/arm/mach-sunxi/built-in.o
 .text.rsb_init
                0x00000000       0xc0 arch/arm/mach-sunxi/built-in.o
 .text.rsb_set_device_address
                0x00000000       0x24 arch/arm/mach-sunxi/built-in.o
 .text.rsb_write
                0x00000000       0x34 arch/arm/mach-sunxi/built-in.o
 .text.rsb_read
                0x00000000       0x4c arch/arm/mach-sunxi/built-in.o
 .text.clock_set_pll3
                0x00000000       0x4c arch/arm/mach-sunxi/built-in.o
 .text.clock_set_pll5
                0x00000000       0xd8 arch/arm/mach-sunxi/built-in.o
 .text.clock_get_pll3
                0x00000000       0x3c arch/arm/mach-sunxi/built-in.o
 .text.clock_get_mipi_pll
                0x00000000       0x50 arch/arm/mach-sunxi/built-in.o
 .text.clock_set_de_mod_clock
                0x00000000       0x4c arch/arm/mach-sunxi/built-in.o
 .data          0x00000000       0x18 arch/arm/mach-sunxi/built-in.o
 .bss           0x00000000        0x0 arch/arm/mach-sunxi/built-in.o
 .text          0x00000000        0x0 board/sunxi/built-in.o
 .data          0x00000000        0x0 board/sunxi/built-in.o
 .bss           0x00000000        0x0 board/sunxi/built-in.o
 .text          0x00000000        0x0 cmd/built-in.o
 .text.bootz_setup
                0x00000000       0x18 cmd/built-in.o
 .text.sunxi_name_to_gpio
                0x00000000        0xc cmd/built-in.o
 .text.i2c_init_board
                0x00000000        0x4 cmd/built-in.o
 .data          0x00000000        0x0 cmd/built-in.o
 .bss           0x00000000        0x0 cmd/built-in.o
[...]
Memory Configuration

Name             Origin             Length             Attributes
*default*        0x00000000         0xffffffff

Linker script and memory map

Address of section .text set to 0x4a000000
                0x00000000                . = 0x0
                0x00000000                . = ALIGN (0x4)

.text           0x4a000000    0x3dcf0
 *(.__image_copy_start)
 .__image_copy_start
                0x4a000000        0x0 arch/arm/lib/built-in.o
                0x4a000000                __image_copy_start
 *(.vectors)
 .vectors       0x4a000000      0x300 arch/arm/lib/built-in.o
                0x4a000000                _start
                0x4a000020                _undefined_instruction
                0x4a000024                _software_interrupt
                0x4a000028                _prefetch_abort
                0x4a00002c                _data_abort
                0x4a000030                _not_used
                0x4a000034                _irq
                0x4a000038                _fiq
                0x4a000040                IRQ_STACK_START_IN
 arch/arm/cpu/armv7/start.o(.text*)
 .text          0x4a000300       0xb0 arch/arm/cpu/armv7/start.o
                0x4a000300                reset
                0x4a000304                save_boot_params_ret
                0x4a000340                c_runtime_cpu_setup
                0x4a000350                save_boot_params
                0x4a000354                cpu_init_cp15
                0x4a0003a8                cpu_init_crit
 *(.text*)
 .text          0x4a0003b0      0x16c arch/arm/cpu/armv7/built-in.o
                0x4a0003b0                __v7_flush_dcache_all
                0x4a000444                v7_flush_dcache_all
                0x4a000454                __v7_invalidate_dcache_all
                0x4a0004e8                v7_invalidate_dcache_all
                0x4a0004f8                lowlevel_init
 .text.v7_dcache_maint_range
                0x4a00051c       0x78 arch/arm/cpu/armv7/built-in.o
 .text.invalidate_icache_all
                0x4a000594       0x18 arch/arm/cpu/armv7/built-in.o
                0x4a000594                invalidate_icache_all
 .text.v7_outer_cache_enable
                0x4a0005ac        0x4 arch/arm/cpu/armv7/built-in.o
                0x4a0005ac                v7_outer_cache_enable
 .text.v7_outer_cache_disable
                0x4a0005b0        0x4 arch/arm/cpu/armv7/built-in.o
                0x4a0005b0                v7_outer_cache_disable
 .text.v7_outer_cache_flush_all
                0x4a0005b4        0x4 arch/arm/cpu/armv7/built-in.o
                0x4a0005b4                v7_outer_cache_flush_all
 .text.flush_dcache_all
                0x4a0005b8       0x10 arch/arm/cpu/armv7/built-in.o
                0x4a0005b8                flush_dcache_all
 .text.v7_outer_cache_inval_all
                0x4a0005c8        0x4 arch/arm/cpu/armv7/built-in.o
                0x4a0005c8                v7_outer_cache_inval_all
 .text.invalidate_dcache_all
                0x4a0005cc       0x10 arch/arm/cpu/armv7/built-in.o
                0x4a0005cc                invalidate_dcache_all
 .text.arm_init_before_mmu
                0x4a0005dc       0x28 arch/arm/cpu/armv7/built-in.o
                0x4a0005dc                arm_init_before_mmu
 .text.v7_outer_cache_flush_range
                0x4a000604        0x4 arch/arm/cpu/armv7/built-in.o
                0x4a000604                v7_outer_cache_flush_range
 .text.flush_dcache_range
                0x4a000608       0x30 arch/arm/cpu/armv7/built-in.o
                0x4a000608                flush_dcache_range
 .text.v7_outer_cache_inval_range
                0x4a000638        0x4 arch/arm/cpu/armv7/built-in.o
                0x4a000638                v7_outer_cache_inval_range
 .text.invalidate_dcache_range
                0x4a00063c       0x30 arch/arm/cpu/armv7/built-in.o
                0x4a00063c                invalidate_dcache_range
 .text.cpu_cache_initialization
                0x4a00066c        0x4 arch/arm/cpu/armv7/built-in.o
                0x4a00066c                cpu_cache_initialization
 .text.cleanup_before_linux_select
                0x4a000670       0x4c arch/arm/cpu/armv7/built-in.o
                0x4a000670                cleanup_before_linux_select
 .text.cleanup_before_linux
                0x4a0006bc        0x8 arch/arm/cpu/armv7/built-in.o
                0x4a0006bc                cleanup_before_linux
 .text.get_gicd_base_address
                0x4a0006c4       0x34 arch/arm/cpu/armv7/built-in.o
 .text.psci_board_init
                0x4a0006f8        0x4 arch/arm/cpu/armv7/built-in.o
                0x4a0006f8                psci_board_init
 .text.armv7_init_nonsec
                0x4a0006fc       0x84 arch/arm/cpu/armv7/built-in.o
                0x4a0006fc                armv7_init_nonsec
 .text.armv7_apply_memory_carveout
                0x4a000780        0x8 arch/arm/cpu/armv7/built-in.o
                0x4a000780                armv7_apply_memory_carveout
 .text.psci_update_dt
                0x4a000788       0x58 arch/arm/cpu/armv7/built-in.o
                0x4a000788                psci_update_dt
 .text.timer_init
                0x4a0007e0       0x28 arch/arm/cpu/armv7/built-in.o
                0x4a0007e0                timer_init
 .text.get_timer_masked
                0x4a000808       0x5c arch/arm/cpu/armv7/built-in.o
                0x4a000808                get_timer_masked
 .text.get_timer
                0x4a000864       0x14 arch/arm/cpu/armv7/built-in.o
                0x4a000864                get_timer
 .text.__udelay
                0x4a000878       0x54 arch/arm/cpu/armv7/built-in.o
                0x4a000878                __udelay
 .text.get_ticks
                0x4a0008cc       0x10 arch/arm/cpu/armv7/built-in.o
                0x4a0008cc                get_ticks
 .text.get_tbclk
                0x4a0008dc        0x8 arch/arm/cpu/armv7/built-in.o
                0x4a0008dc                get_tbclk
 .text.tzpc_init
                0x4a0008e4       0x30 arch/arm/cpu/armv7/built-in.o
                0x4a0008e4                tzpc_init
 .text          0x4a000914       0x90 arch/arm/lib/built-in.o
                0x4a000914                _main
 .text.relocate_vectors
                0x4a0009a4       0x70 arch/arm/lib/built-in.o
                0x4a0009a4                relocate_vectors
                0x4a0009b0                relocate_code
 .text.arch_fixup_fdt
                0x4a000a14       0x64 arch/arm/lib/built-in.o
                0x4a000a14                arch_fixup_fdt
 .text.setup_initrd_tag.isra.1
                0x4a000a78       0x38 arch/arm/lib/built-in.o
 .text.arch_lmb_reserve
                0x4a000ab0       0x24 arch/arm/lib/built-in.o
                0x4a000ab0                arch_lmb_reserve
 .text.setup_board_tags
                0x4a000ad4        0x4 arch/arm/lib/built-in.o
                0x4a000ad4                setup_board_tags
 .text.boot_prep_linux
                0x4a000ad8      0x1ac arch/arm/lib/built-in.o
 .text.armv7_boot_nonsec_default
                0x4a000c84        0x8 arch/arm/lib/built-in.o
                0x4a000c84                armv7_boot_nonsec_default
 .text.armv7_boot_nonsec
                0x4a000c8c       0x5c arch/arm/lib/built-in.o
                0x4a000c8c                armv7_boot_nonsec
 .text.boot_jump_linux
                0x4a000ce8       0xe8 arch/arm/lib/built-in.o
 .text.do_bootm_linux
                0x4a000dd0       0x5c arch/arm/lib/built-in.o
                0x4a000dd0                do_bootm_linux
 .text.boot_prep_vxworks
                0x4a000e2c       0x5c arch/arm/lib/built-in.o
                0x4a000e2c                boot_prep_vxworks
 .text.boot_jump_vxworks
                0x4a000e88       0x14 arch/arm/lib/built-in.o
                0x4a000e88                boot_jump_vxworks
 .text.bootz_setup
                0x4a000e9c       0x7c arch/arm/lib/built-in.o
                0x4a000e9c                bootz_setup
 .text.arch_reserve_stacks
                0x4a000f18       0x1c arch/arm/lib/built-in.o
                0x4a000f18                arch_reserve_stacks
 .text.interrupt_init
                0x4a000f34       0x1c arch/arm/lib/built-in.o
                0x4a000f34                interrupt_init
 .text.enable_interrupts
                0x4a000f50        0x4 arch/arm/lib/built-in.o
                0x4a000f50                enable_interrupts
 .text.disable_interrupts
                0x4a000f54        0x8 arch/arm/lib/built-in.o
                0x4a000f54                disable_interrupts
 .text.bad_mode
                0x4a000f5c       0x10 arch/arm/lib/built-in.o
                0x4a000f5c                bad_mode
 .text.show_regs
                0x4a000f6c      0x174 arch/arm/lib/built-in.o
                0x4a000f6c                show_regs
 .text.do_undefined_instruction
                0x4a0010e0       0x24 arch/arm/lib/built-in.o
                0x4a0010e0                do_undefined_instruction
 .text.do_software_interrupt
                0x4a001104       0x24 arch/arm/lib/built-in.o
                0x4a001104                do_software_interrupt
 .text.do_prefetch_abort
                0x4a001128       0x24 arch/arm/lib/built-in.o
                0x4a001128                do_prefetch_abort
 .text.do_data_abort
                0x4a00114c       0x24 arch/arm/lib/built-in.o
                0x4a00114c                do_data_abort
 .text.do_not_used
                0x4a001170       0x24 arch/arm/lib/built-in.o
                0x4a001170                do_not_used
 .text.do_fiq   0x4a001194       0x24 arch/arm/lib/built-in.o
                0x4a001194                do_fiq
 .text.do_irq   0x4a0011b8       0x24 arch/arm/lib/built-in.o
                0x4a0011b8                do_irq
 .text.reset_misc
                0x4a0011dc        0x4 arch/arm/lib/built-in.o
                0x4a0011dc                reset_misc
 .text.do_reset
                0x4a0011e0       0x30 arch/arm/lib/built-in.o
                0x4a0011e0                do_reset
 .text.flush_cache
                0x4a001210        0x8 arch/arm/lib/built-in.o
                0x4a001210                flush_cache
 .text.check_cache_range
                0x4a001218       0x3c arch/arm/lib/built-in.o
                0x4a001218                check_cache_range
 .text.cp_delay
                0x4a001254       0x30 arch/arm/lib/built-in.o
 .text.cache_disable
                0x4a001284       0x48 arch/arm/lib/built-in.o
 .text.arm_init_domains
                0x4a0012cc        0x4 arch/arm/lib/built-in.o
                0x4a0012cc                arm_init_domains
 .text.set_section_dcache
                0x4a0012d0       0x14 arch/arm/lib/built-in.o
                0x4a0012d0                set_section_dcache
 .text.dram_bank_mmu_setup
                0x4a0012e4       0x48 arch/arm/lib/built-in.o
                0x4a0012e4                dram_bank_mmu_setup
 .text.cache_enable
                0x4a00132c       0x8c arch/arm/lib/built-in.o
 .text.icache_enable
                0x4a0013b8        0x8 arch/arm/lib/built-in.o
                0x4a0013b8                icache_enable
 .text.icache_disable
                0x4a0013c0        0x8 arch/arm/lib/built-in.o
                0x4a0013c0                icache_disable
 .text.dcache_enable
                0x4a0013c8        0x8 arch/arm/lib/built-in.o
                0x4a0013c8                dcache_enable
 .text.dcache_disable
                0x4a0013d0        0x8 arch/arm/lib/built-in.o
                0x4a0013d0                dcache_disable
 .text.dcache_status
                0x4a0013d8        0xc arch/arm/lib/built-in.o
                0x4a0013d8                dcache_status
 .text.fdt_psci
                0x4a0013e4      0x270 arch/arm/lib/built-in.o
                0x4a0013e4                fdt_psci
 .text.s_init   0x4a001654       0x6c arch/arm/mach-sunxi/built-in.o
                0x4a001654                s_init
 .text.reset_cpu
                0x4a0016c0       0x2c arch/arm/mach-sunxi/built-in.o
                0x4a0016c0                reset_cpu
 .text.enable_caches
                0x4a0016ec        0x4 arch/arm/mach-sunxi/built-in.o
                0x4a0016ec                enable_caches
 .text.clock_init_sec
                0x4a0016f0       0x1c arch/arm/mach-sunxi/built-in.o
                0x4a0016f4                clock_init_sec
 .text.clock_init
                0x4a00170c       0x14 arch/arm/mach-sunxi/built-in.o
                0x4a00170c                clock_init
 .text.clock_twi_onoff
                0x4a001720       0x80 arch/arm/mach-sunxi/built-in.o
                0x4a001720                clock_twi_onoff
 .text.sunxi_get_sram_id
                0x4a0017a0       0x2c arch/arm/mach-sunxi/built-in.o
                0x4a0017a0                sunxi_get_sram_id
 .text.print_cpuinfo
                0x4a0017cc       0x20 arch/arm/mach-sunxi/built-in.o
                0x4a0017cc                print_cpuinfo
 .text.sunxi_get_sid
                0x4a0017ec       0x40 arch/arm/mach-sunxi/built-in.o
                0x4a0017ec                sunxi_get_sid
 .text.sunxi_gpio_set_cfgbank
                0x4a00182c       0x28 arch/arm/mach-sunxi/built-in.o
                0x4a00182c                sunxi_gpio_set_cfgbank
 .text.sunxi_gpio_set_cfgpin
                0x4a001854       0x38 arch/arm/mach-sunxi/built-in.o
                0x4a001854                sunxi_gpio_set_cfgpin
 .text.sunxi_gpio_get_cfgbank
                0x4a00188c       0x20 arch/arm/mach-sunxi/built-in.o
                0x4a00188c                sunxi_gpio_get_cfgbank
 .text.sunxi_gpio_set_drv
                0x4a0018ac       0x5c arch/arm/mach-sunxi/built-in.o
                0x4a0018ac                sunxi_gpio_set_drv
 .text.sunxi_gpio_set_pull
                0x4a001908       0x5c arch/arm/mach-sunxi/built-in.o
                0x4a001908                sunxi_gpio_set_pull
 .text.sunxi_usb_phy_init
                0x4a001964       0x80 arch/arm/mach-sunxi/built-in.o
                0x4a001964                sunxi_usb_phy_init
 .text.sunxi_usb_phy_exit
                0x4a0019e4       0x58 arch/arm/mach-sunxi/built-in.o
                0x4a0019e4                sunxi_usb_phy_exit
 .text.sunxi_usb_phy_power_on
                0x4a001a3c       0x58 arch/arm/mach-sunxi/built-in.o
                0x4a001a3c                sunxi_usb_phy_power_on
 .text.sunxi_usb_phy_probe
                0x4a001a94      0x12c arch/arm/mach-sunxi/built-in.o
                0x4a001a94                sunxi_usb_phy_probe
 .text.prcm_apb0_enable
                0x4a001bc0       0x24 arch/arm/mach-sunxi/built-in.o
                0x4a001bc0                prcm_apb0_enable
 .text.prcm_apb0_disable
                0x4a001be4       0x28 arch/arm/mach-sunxi/built-in.o
                0x4a001be4                prcm_apb0_disable
 .text.clock_init_uart
                0x4a001c0c       0x30 arch/arm/mach-sunxi/built-in.o
                0x4a001c0c                clock_init_uart
 .text.clock_get_pll6
                0x4a001c3c       0x38 arch/arm/mach-sunxi/built-in.o
                0x4a001c3c                clock_get_pll6
 .text.setup_environment
                0x4a001c74      0x154 board/sunxi/built-in.o
 .text.mmc_pinmux_setup
                0x4a001dc8      0x184 board/sunxi/built-in.o
 .text.board_init
                0x4a001f4c       0x78 board/sunxi/built-in.o
                0x4a001f4c                board_init
 .text.dram_init
                0x4a001fc4       0x20 board/sunxi/built-in.o
                0x4a001fc4                dram_init
 .text.board_mmc_init
                0x4a001fe4       0x60 board/sunxi/built-in.o
                0x4a001fe4                board_mmc_init
 .text.i2c_init_board
                0x4a002044       0x2c board/sunxi/built-in.o
                0x4a002044                i2c_init_board
 .text.get_board_serial
                0x4a002070       0x38 board/sunxi/built-in.o
                0x4a002070                get_board_serial
 .text.misc_init_r
                0x4a0020a8       0xe8 board/sunxi/built-in.o
                0x4a0020a8                misc_init_r
 .text.ft_board_setup
                0x4a002190       0x10 board/sunxi/built-in.o
                0x4a002190                ft_board_setup
 .text.do_go_exec
                0x4a0021a0       0x18 cmd/built-in.o
                0x4a0021a0                do_go_exec
 .text.do_go    0x4a0021b8       0x6c cmd/built-in.o
 .text.image_info
                0x4a002224       0xd0 cmd/built-in.o
 .text.do_bootd
                0x4a0022f4       0x20 cmd/built-in.o
                0x4a0022f4                do_bootd
 .text.do_bootm
                0x4a002314      0x100 cmd/built-in.o
                0x4a002314                do_bootm
 .text.do_iminfo
                0x4a002414       0x60 cmd/built-in.o
 .text.bootm_maybe_autostart
                0x4a002474       0x74 cmd/built-in.o
                0x4a002474                bootm_maybe_autostart
 .text.do_help  0x4a0024e8       0x44 cmd/built-in.o
 .text.do_version
                0x4a00252c       0x38 cmd/built-in.o
 .text.source   0x4a002564       0xdc cmd/built-in.o
                0x4a002564                source
 .text.do_source
                0x4a002640       0x44 cmd/built-in.o
 .text.print_num
                0x4a002684       0x18 cmd/built-in.o
 .text.do_bdinfo
                0x4a00269c       0xe0 cmd/built-in.o
 .text.bootefi_open_dp
                0x4a00277c       0x14 cmd/built-in.o
 .text.do_bootefi_exec
                0x4a002790      0x27c cmd/built-in.o
 .text.do_bootefi
                0x4a002a0c       0x8c cmd/built-in.o
 .text.efi_set_bootdev
                0x4a002a98      0x154 cmd/built-in.o
                0x4a002a98                efi_set_bootdev
 .text.do_bootz
                0x4a002bec       0xf8 cmd/built-in.o
                0x4a002bec                do_bootz
 .text.do_coninfo
                0x4a002ce4       0xac cmd/built-in.o
 .text.do_echo  0x4a002d90       0xc0 cmd/built-in.o
 .text.load_elf_image_shdr
                0x4a002e50       0x90 cmd/built-in.o
 .text.valid_elf_image
                0x4a002ee0       0x4c cmd/built-in.o
                0x4a002ee0                valid_elf_image
 .text.do_bootvx
                0x4a002f2c      0x348 cmd/built-in.o
                0x4a002f2c                do_bootvx
 .text.do_bootelf
                0x4a003274      0x1a8 cmd/built-in.o
                0x4a003274                do_bootelf
 .text.do_exit  0x4a00341c       0x30 cmd/built-in.o
 .text.do_ext4_ls
                0x4a00344c       0x14 cmd/built-in.o
                0x4a00344c                do_ext4_ls
 .text.do_ext4_load
                0x4a003460       0x14 cmd/built-in.o
                0x4a003460                do_ext4_load
 .text.do_ext4_size
                0x4a003474       0x14 cmd/built-in.o
                0x4a003474                do_ext4_size
 .text.do_ext2ls
                0x4a003488       0x14 cmd/built-in.o
 .text.do_ext2load
                0x4a00349c       0x14 cmd/built-in.o
                0x4a00349c                do_ext2load
 .text.do_fat_fswrite
                0x4a0034b0      0x108 cmd/built-in.o
 .text.do_fat_ls
                0x4a0035b8       0x14 cmd/built-in.o
 .text.do_fat_fsload
                0x4a0035cc       0x14 cmd/built-in.o
                0x4a0035cc                do_fat_fsload
 .text.do_fat_size
                0x4a0035e0       0x14 cmd/built-in.o
                0x4a0035e0                do_fat_size
 .text.do_fat_fsinfo
                0x4a0035f4       0x90 cmd/built-in.o
 .text.fdt_valid
                0x4a003684       0xc4 cmd/built-in.o
 .text.is_printable_string
                0x4a003748       0x98 cmd/built-in.o
 .text.print_data
                0x4a0037e0      0x174 cmd/built-in.o
 .text.set_working_fdt_addr
                0x4a003954       0x1c cmd/built-in.o
                0x4a003954                set_working_fdt_addr
 .text.do_fdt   0x4a003970      0xfd8 cmd/built-in.o
 .text.do_fstype_wrapper
                0x4a004948        0x4 cmd/built-in.o
 .text.do_ls_wrapper
                0x4a00494c       0x14 cmd/built-in.o
 .text.do_save_wrapper
                0x4a004960       0x14 cmd/built-in.o
 .text.do_load_wrapper
                0x4a004974       0x60 cmd/built-in.o
 .text.do_size_wrapper
                0x4a0049d4       0x14 cmd/built-in.o
 .text.gpio_get_description
                0x4a0049e8       0xd4 cmd/built-in.o
 .text.do_gpio  0x4a004abc      0x37c cmd/built-in.o
 .text.do_i2c   0x4a004e38       0x60 cmd/built-in.o
 .text.i2c_report_err
                0x4a004e98       0x38 cmd/built-in.o
 .text.do_i2c_bus_speed
                0x4a004ed0       0x78 cmd/built-in.o
 .text.do_i2c_reset
                0x4a004f48       0x30 cmd/built-in.o
 .text.do_i2c_probe
                0x4a004f78       0x9c cmd/built-in.o
 .text.do_i2c_bus_num
                0x4a005014       0xbc cmd/built-in.o
 .text.do_i2c_show_bus
                0x4a0050d0       0xe4 cmd/built-in.o
 .text.get_alen.constprop.4
                0x4a0051b4       0x44 cmd/built-in.o
 .text.do_i2c_crc
                0x4a0051f8      0x114 cmd/built-in.o
 .text.mod_i2c_mem.isra.3
                0x4a00530c      0x1e0 cmd/built-in.o
 .text.do_i2c_nm
                0x4a0054ec        0x8 cmd/built-in.o
 .text.do_i2c_mm
                0x4a0054f4        0x8 cmd/built-in.o
 .text.do_i2c_md
                0x4a0054fc      0x1c4 cmd/built-in.o
 .text.do_i2c_loop
                0x4a0056c0       0xd4 cmd/built-in.o
 .text.do_i2c_read
                0x4a005794       0xb0 cmd/built-in.o
 .text.do_i2c_mw
                0x4a005844       0xec cmd/built-in.o
 .text.do_i2c_write
                0x4a005930      0x144 cmd/built-in.o
 .text.evalexp  0x4a005a74       0x68 cmd/built-in.o
 .text.evalstr  0x4a005adc       0x70 cmd/built-in.o
 .text.binary_test
                0x4a005b4c      0x19c cmd/built-in.o
 .text.do_itest
                0x4a005ce8       0x98 cmd/built-in.o
 .text.bin_data_init
                0x4a005d80       0x2c cmd/built-in.o
 .text.k_data_save
                0x4a005dac       0x4c cmd/built-in.o
 .text.k_data_restore
                0x4a005df8       0x4c cmd/built-in.o
 .text.load_serial_ymodem
                0x4a005e44       0xe0 cmd/built-in.o
 .text.getcxmodem
                0x4a005f24       0x20 cmd/built-in.o
 .text.load_serial
                0x4a005f44      0x1dc cmd/built-in.o
 .text.do_load_serial
                0x4a006120       0xdc cmd/built-in.o
 .text.bin_data_char
                0x4a0061fc       0x28 cmd/built-in.o
 .text.s1_sendpacket.constprop.1
                0x4a006224       0x50 cmd/built-in.o
 .text.chk1.constprop.2
                0x4a006274       0x30 cmd/built-in.o
 .text.do_load_serial_bin
                0x4a0062a4      0x794 cmd/built-in.o
 .text.do_mem_loop
                0x4a006a38      0x104 cmd/built-in.o
 .text.do_mem_mw
                0x4a006b3c       0xb8 cmd/built-in.o
 .text.do_mem_base
                0x4a006bf4       0x40 cmd/built-in.o
 .text.do_mem_cmp
                0x4a006c34      0x160 cmd/built-in.o
 .text.do_mem_crc
                0x4a006d94       0x44 cmd/built-in.o
 .text.do_mem_cp
                0x4a006dd8       0xdc cmd/built-in.o
 .text.do_mem_md
                0x4a006eb4       0xe4 cmd/built-in.o
 .text.mod_mem.isra.2
                0x4a006f98      0x15c cmd/built-in.o
 .text.do_mem_nm
                0x4a0070f4        0x8 cmd/built-in.o
 .text.do_mem_mm
                0x4a0070fc        0x8 cmd/built-in.o
 .text.extract_range
                0x4a007104       0xd4 cmd/built-in.o
 .text.do_mii   0x4a0071d8      0x8d0 cmd/built-in.o
 .text.do_mdio  0x4a007aa8      0x4cc cmd/built-in.o
 .text.do_sleep
                0x4a007f74       0xd0 cmd/built-in.o
 .text.do_mmcops
                0x4a008044       0xb8 cmd/built-in.o
 .text.do_mmc_list
                0x4a0080fc       0x14 cmd/built-in.o
 .text.init_mmc_device
                0x4a008110       0x50 cmd/built-in.o
 .text.do_mmc_rescan
                0x4a008160       0x24 cmd/built-in.o
 .text.do_mmcinfo
                0x4a008184      0x378 cmd/built-in.o
 .text.do_mmc_hwpartition
                0x4a0084fc      0x4f0 cmd/built-in.o
 .text.do_mmc_dev
                0x4a0089ec      0x144 cmd/built-in.o
 .text.do_mmc_part
                0x4a008b30       0x68 cmd/built-in.o
 .text.do_mmc_erase
                0x4a008b98       0xf0 cmd/built-in.o
 .text.do_mmc_write
                0x4a008c88      0x108 cmd/built-in.o
 .text.do_mmc_read
                0x4a008d90       0xec cmd/built-in.o
 .text.do_mmc_setdsr
                0x4a008e7c       0xa8 cmd/built-in.o
 .text.netboot_common
                0x4a008f24      0x29c cmd/built-in.o
 .text.do_nfs   0x4a0091c0        0xc cmd/built-in.o
 .text.do_dhcp  0x4a0091cc        0xc cmd/built-in.o
 .text.do_bootp
                0x4a0091d8        0xc cmd/built-in.o
 .text.do_tftpb
                0x4a0091e4       0x40 cmd/built-in.o
                0x4a0091e4                do_tftpb
 .text.do_ping  0x4a009224       0x78 cmd/built-in.o
 .text.do_part  0x4a00929c      0x3a4 cmd/built-in.o
 .text.eol_or_eof
                0x4a009640       0x24 cmd/built-in.o
 .text.label_print
                0x4a009664       0x1c cmd/built-in.o
 .text.get_string
                0x4a009680       0xcc cmd/built-in.o
 .text.label_destroy
                0x4a00974c       0x74 cmd/built-in.o
 .text.destroy_pxe_menu
                0x4a0097c0       0x5c cmd/built-in.o
 .text.get_token
                0x4a00981c      0x120 cmd/built-in.o
 .text.parse_sliteral
                0x4a00993c       0x50 cmd/built-in.o
 .text.parse_integer
                0x4a00998c       0x6c cmd/built-in.o
 .text.do_get_any
                0x4a0099f8       0x40 cmd/built-in.o
 .text.do_get_fat
                0x4a009a38       0x3c cmd/built-in.o
 .text.do_get_ext2
                0x4a009a74       0x3c cmd/built-in.o
 .text.do_pxe   0x4a009ab0       0x70 cmd/built-in.o
 .text.do_get_tftp
                0x4a009b20       0x44 cmd/built-in.o
 .text.from_env
                0x4a009b64       0x2c cmd/built-in.o
 .text.get_relfile
                0x4a009b90      0x138 cmd/built-in.o
 .text.get_relfile_envaddr
                0x4a009cc8       0x4c cmd/built-in.o
 .text.get_pxe_file
                0x4a009d14       0x54 cmd/built-in.o
 .text.get_pxelinux_path
                0x4a009d68       0x80 cmd/built-in.o
 .text.handle_include
                0x4a009de8       0xa4 cmd/built-in.o
 .text.parse_pxefile_top
                0x4a009e8c      0x474 cmd/built-in.o
 .text.parse_pxefile
                0x4a00a300       0x6c cmd/built-in.o
 .text.format_mac_pxe.constprop.11
                0x4a00a36c       0x74 cmd/built-in.o
 .text.do_pxe_get
                0x4a00a3e0      0x168 cmd/built-in.o
 .text.label_boot
                0x4a00a548      0x5c8 cmd/built-in.o
 .text.handle_pxe_menu
                0x4a00ab10      0x168 cmd/built-in.o
 .text.do_sysboot
                0x4a00ac78      0x1e4 cmd/built-in.o
 .text.do_pxe_boot
                0x4a00ae5c       0xe0 cmd/built-in.o
 .text.substitute
                0x4a00af3c       0xe4 cmd/built-in.o
 .text.regex_sub
                0x4a00b020      0x354 cmd/built-in.o
 .text.get_arg.part.3
                0x4a00b374       0x3c cmd/built-in.o
 .text.do_setexpr
                0x4a00b3b0      0x1d0 cmd/built-in.o
 .text.do_false
                0x4a00b580        0x8 cmd/built-in.o
 .text.do_true  0x4a00b588        0x8 cmd/built-in.o
 .text.do_test  0x4a00b590      0x330 cmd/built-in.o
 .text.usb_get_class_desc
                0x4a00b8c0       0xac cmd/built-in.o
 .text.do_usbboot
                0x4a00b96c        0xc cmd/built-in.o
 .text.usb_display_class_sub
                0x4a00b978      0x174 cmd/built-in.o
 .text.usb_for_each_root_dev
                0x4a00baec       0x68 cmd/built-in.o
 .text.usb_display_string
                0x4a00bb54       0x44 cmd/built-in.o
 .text.usb_display_config
                0x4a00bb98      0x218 cmd/built-in.o
 .text.usb_find_device
                0x4a00bdb0       0xac cmd/built-in.o
 .text.usb_show_tree_graph
                0x4a00be5c      0x1d0 cmd/built-in.o
 .text.usb_show_subtree
                0x4a00c02c       0x30 cmd/built-in.o
 .text.usb_display_desc.part.6
                0x4a00c05c      0x11c cmd/built-in.o
 .text.usb_show_info
                0x4a00c178       0x60 cmd/built-in.o
 .text.usb_show_tree
                0x4a00c1d8        0xc cmd/built-in.o
                0x4a00c1d8                usb_show_tree
 .text.do_usb   0x4a00c1e4      0x750 cmd/built-in.o
 .text.common_diskboot
                0x4a00c934      0x230 cmd/built-in.o
                0x4a00c934                common_diskboot
 .text.do_imgextract
                0x4a00cb64      0x298 cmd/built-in.o
 .text.do_env_delete
                0x4a00cdfc       0xa8 cmd/built-in.o
 .text.do_env_exists
                0x4a00cea4       0x60 cmd/built-in.o
 .text.env_print
                0x4a00cf04       0xc8 cmd/built-in.o
 .text.do_env_print
                0x4a00cfcc       0xc4 cmd/built-in.o
 .text.do_env   0x4a00d090       0x60 cmd/built-in.o
 .text.do_env_import
                0x4a00d0f0      0x294 cmd/built-in.o
 .text.do_env_default
                0x4a00d384       0xb4 cmd/built-in.o
 .text.do_env_save
                0x4a00d438       0x2c cmd/built-in.o
 .text._do_env_set.isra.1
                0x4a00d464      0x1d8 cmd/built-in.o
 .text.do_env_set
                0x4a00d63c       0x20 cmd/built-in.o
 .text.get_env_id
                0x4a00d65c       0x10 cmd/built-in.o
                0x4a00d65c                get_env_id
 .text.setenv   0x4a00d66c       0x5c cmd/built-in.o
                0x4a00d66c                setenv
 .text.setenv_ulong
                0x4a00d6c8       0x20 cmd/built-in.o
                0x4a00d6c8                setenv_ulong
 .text.setenv_hex
                0x4a00d6e8       0x34 cmd/built-in.o
                0x4a00d6e8                setenv_hex
 .text.do_env_export
                0x4a00d71c      0x26c cmd/built-in.o
 .text.envmatch
                0x4a00d988       0x6c cmd/built-in.o
                0x4a00d988                envmatch
 .text.getenv_f
                0x4a00d9f4       0xbc cmd/built-in.o
                0x4a00d9f4                getenv_f
 .text.getenv   0x4a00dab0       0x78 cmd/built-in.o
                0x4a00dab0                getenv
 .text.do_env_edit.part.3
                0x4a00db28       0xa0 cmd/built-in.o
 .text.do_env_edit
                0x4a00dbc8       0x28 cmd/built-in.o
 .text.getenv_ulong
                0x4a00dbf0       0x30 cmd/built-in.o
                0x4a00dbf0                getenv_ulong
 .text.getenv_hex
                0x4a00dc20       0x34 cmd/built-in.o
                0x4a00dc20                getenv_hex
 .text.board_init_f_alloc_reserve
                0x4a00dc54       0x10 common/built-in.o
                0x4a00dc54                board_init_f_alloc_reserve
 .text.board_init_f_init_reserve
                0x4a00dc64       0x20 common/built-in.o
                0x4a00dc64                board_init_f_init_reserve
 .text.show_boot_progress
                0x4a00dc84        0x8 common/built-in.o
                0x4a00dc84                show_boot_progress
 .text.main_loop
                0x4a00dc8c       0x4c common/built-in.o
                0x4a00dc8c                main_loop
 .text.dummy    0x4a00dcd8        0x4 common/built-in.o
 .text.get_version
                0x4a00dcdc        0x8 common/built-in.o
                0x4a00dcdc                get_version
 .text.jumptable_init
                0x4a00dce4      0x1e0 common/built-in.o
                0x4a00dce4                jumptable_init
 .text.hash_command
                0x4a00dec4       0xb8 common/built-in.o
                0x4a00dec4                hash_command
 .text.b_reset  0x4a00df7c       0x1c common/built-in.o
 .text.static_get
                0x4a00df98       0x1c common/built-in.o
 .text.static_peek
                0x4a00dfb4        0xc common/built-in.o
 .text.file_peek
                0x4a00dfc0        0xc common/built-in.o
 .text.mapset   0x4a00dfcc       0x20 common/built-in.o
 .text.syntax_err
                0x4a00dfec        0xc common/built-in.o
 .text.do_showvar
                0x4a00dff8       0xf0 common/built-in.o
 .text.free_pipe_list
                0x4a00e0e8       0xe8 common/built-in.o
 .text.b_addchr
                0x4a00e1d0       0x78 common/built-in.o
 .text.b_addqchr
                0x4a00e248       0x4c common/built-in.o
 .text.is_assignment.part.0
                0x4a00e294       0x30 common/built-in.o
 .text.xmalloc  0x4a00e2c4       0x20 common/built-in.o
 .text.new_pipe
                0x4a00e2e4       0x28 common/built-in.o
 .text.file_get
                0x4a00e30c      0x1dc common/built-in.o
 .text.xrealloc
                0x4a00e4e8       0x20 common/built-in.o
 .text.done_command
                0x4a00e508       0x8c common/built-in.o
 .text.done_pipe
                0x4a00e594       0x48 common/built-in.o
 .text.done_word
                0x4a00e5dc      0x2d8 common/built-in.o
 .text.get_local_var
                0x4a00e8b4       0x94 common/built-in.o
                0x4a00e8b4                get_local_var
 .text.set_local_var
                0x4a00e948      0x1c8 common/built-in.o
                0x4a00e948                set_local_var
 .text.insert_var_value_sub
                0x4a00eb10      0x2c0 common/built-in.o
 .text.parse_string_outer
                0x4a00edd0       0xf0 common/built-in.o
                0x4a00edd0                parse_string_outer
 .text.run_list_real
                0x4a00eec0      0x87c common/built-in.o
 .text.parse_stream_outer
                0x4a00f73c      0x6f8 common/built-in.o
 .text.parse_file_outer
                0x4a00fe34       0x44 common/built-in.o
                0x4a00fe34                parse_file_outer
 .text.u_boot_hush_start
                0x4a00fe78       0x54 common/built-in.o
                0x4a00fe78                u_boot_hush_start
 .text.bootdelay_process
                0x4a00fecc       0xbc common/built-in.o
                0x4a00fecc                bootdelay_process
 .text.autoboot_command
                0x4a00ff88       0xf4 common/built-in.o
                0x4a00ff88                autoboot_command
 .text.display_text_info
                0x4a01007c        0x8 common/built-in.o
 .text.setup_mon_len
                0x4a010084       0x20 common/built-in.o
 .text.arch_cpu_init
                0x4a0100a4        0x8 common/built-in.o
                0x4a0100a4                arch_cpu_init
 .text.reserve_round_4k
                0x4a0100ac       0x18 common/built-in.o
 .text.reserve_mmu
                0x4a0100c4       0x38 common/built-in.o
 .text.reserve_trace
                0x4a0100fc        0x8 common/built-in.o
 .text.reserve_uboot
                0x4a010104       0x30 common/built-in.o
 .text.reserve_malloc
                0x4a010134       0x18 common/built-in.o
 .text.setup_machine
                0x4a01014c        0x8 common/built-in.o
 .text.reserve_global_data
                0x4a010154       0x1c common/built-in.o
 .text.reserve_fdt
                0x4a010170       0x4c common/built-in.o
 .text.display_new_sp
                0x4a0101bc        0x8 common/built-in.o
 .text.initf_console_record
                0x4a0101c4        0x8 common/built-in.o
 .text.reserve_arch
                0x4a0101cc        0x8 common/built-in.o
                0x4a0101cc                reserve_arch
 .text.arch_cpu_init_dm
                0x4a0101d4        0x8 common/built-in.o
                0x4a0101d4                arch_cpu_init_dm
 .text.announce_dram_init
                0x4a0101dc       0x18 common/built-in.o
 .text.init_func_i2c
                0x4a0101f4       0x28 common/built-in.o
 .text.init_baud_rate
                0x4a01021c       0x2c common/built-in.o
 .text.mark_bootstage
                0x4a010248       0x14 common/built-in.o
 .text.initf_dm
                0x4a01025c        0x8 common/built-in.o
 .text.setup_reloc
                0x4a010264       0x34 common/built-in.o
 .text.reloc_fdt
                0x4a010298       0x3c common/built-in.o
 .text.reserve_board
                0x4a0102d4       0x38 common/built-in.o
 .text.coloured_LED_init
                0x4a01030c        0x4 common/built-in.o
                0x4a01030c                coloured_LED_init
 .text.red_led_on
                0x4a010310        0x4 common/built-in.o
                0x4a010310                red_led_on
 .text.board_add_ram_info
                0x4a010314        0x4 common/built-in.o
                0x4a010314                board_add_ram_info
 .text.show_dram_config
                0x4a010318       0x38 common/built-in.o
 .text.dram_init_banksize
                0x4a010350       0x20 common/built-in.o
                0x4a010350                dram_init_banksize
 .text.setup_dram_config
                0x4a010370       0x10 common/built-in.o
 .text.board_get_usable_ram_top
                0x4a010380       0x14 common/built-in.o
                0x4a010380                board_get_usable_ram_top
 .text.board_reserve_ram_top
                0x4a010394        0x4 common/built-in.o
                0x4a010394                board_reserve_ram_top
 .text.setup_dest_addr
                0x4a010398       0x50 common/built-in.o
 .text.reserve_stacks
                0x4a0103e8       0x1c common/built-in.o
 .text.board_init_f
                0x4a010404       0x28 common/built-in.o
                0x4a010404                board_init_f
 .text.bootstage_relocate
                0x4a01042c        0x8 common/built-in.o
 .text.initr_trace
                0x4a010434        0x8 common/built-in.o
 .text.initr_reloc
                0x4a01043c       0x18 common/built-in.o
 .text.initr_barrier
                0x4a010454        0x8 common/built-in.o
 .text.initr_console_record
                0x4a01045c        0x8 common/built-in.o
 .text.power_init_board
                0x4a010464        0x8 common/built-in.o
                0x4a010464                power_init_board
 .text.initr_announce
                0x4a01046c        0x8 common/built-in.o
 .text.run_main_loop
                0x4a010474        0xc common/built-in.o
 .text.initr_net
                0x4a010480       0x1c common/built-in.o
 .text.initr_ethaddr
                0x4a01049c       0x20 common/built-in.o
 .text.initr_enable_interrupts
                0x4a0104bc       0x10 common/built-in.o
 .text.initr_jumptable
                0x4a0104cc       0x10 common/built-in.o
 .text.initr_env
                0x4a0104dc       0x64 common/built-in.o
 .text.initr_mmc
                0x4a010540       0x20 common/built-in.o
 .text.initr_serial
                0x4a010560       0x10 common/built-in.o
 .text.initr_bootstage
                0x4a010570       0x14 common/built-in.o
 .text.initr_dm
                0x4a010584       0x14 common/built-in.o
 .text.initr_malloc
                0x4a010598       0x24 common/built-in.o
 .text.initr_reloc_global_data
                0x4a0105bc       0x38 common/built-in.o
 .text.initr_caches
                0x4a0105f4       0x10 common/built-in.o
 .text.cpu_secondary_init_r
                0x4a010604        0x4 common/built-in.o
                0x4a010604                cpu_secondary_init_r
 .text.initr_secondary_cpu
                0x4a010608       0x10 common/built-in.o
 .text.board_init_r
                0x4a010618       0x14 common/built-in.o
                0x4a010618                board_init_r
 .text.checkboard
                0x4a01062c        0x8 common/built-in.o
                0x4a01062c                checkboard
 .text.show_board_info
                0x4a010634       0x38 common/built-in.o
                0x4a010634                show_board_info
 .text.bootm_find_images
                0x4a01066c       0xa8 common/built-in.o
                0x4a01066c                bootm_find_images
 .text.bootm_decomp_image
                0x4a010714      0x154 common/built-in.o
                0x4a010714                bootm_decomp_image
 .text.bootm_disable_interrupts
                0x4a010868       0x18 common/built-in.o
                0x4a010868                bootm_disable_interrupts
 .text.do_bootm_states
                0x4a010880      0x760 common/built-in.o
                0x4a010880                do_bootm_states
 .text.copy_args
                0x4a010fe0       0x4c common/built-in.o
 .text.do_bootm_rtems
                0x4a01102c       0x40 common/built-in.o
 .text.do_bootm_plan9
                0x4a01106c       0xa4 common/built-in.o
 .text.do_bootm_standalone
                0x4a011110       0x64 common/built-in.o
 .text.do_bootm_qnxelf
                0x4a011174       0x5c common/built-in.o
 .text.do_bootm_netbsd
                0x4a0111d0       0xf4 common/built-in.o
 .text.do_bootvx_fdt
                0x4a0112c4      0x110 common/built-in.o
                0x4a0112c4                do_bootvx_fdt
 .text.do_bootm_vxworks
                0x4a0113d4       0x24 common/built-in.o
 .text.arch_preboot_os
                0x4a0113f8        0x4 common/built-in.o
                0x4a0113f8                arch_preboot_os
 .text.boot_selected_os
                0x4a0113fc       0x58 common/built-in.o
                0x4a0113fc                boot_selected_os
 .text.bootm_os_get_boot_func
                0x4a011454       0x10 common/built-in.o
                0x4a011454                bootm_os_get_boot_func
 .text.regex_callback
                0x4a011464      0x138 common/built-in.o
 .text.env_attr_walk
                0x4a01159c      0x114 common/built-in.o
                0x4a01159c                env_attr_walk
 .text.env_attr_lookup
                0x4a0116b0       0x80 common/built-in.o
                0x4a0116b0                env_attr_lookup
 .text.clear_callback
                0x4a011730       0x10 common/built-in.o
 .text.on_callbacks
                0x4a011740       0x50 common/built-in.o
 .text.find_env_callback
                0x4a011790       0x64 common/built-in.o
 .text.set_callback
                0x4a0117f4       0x98 common/built-in.o
 .text.env_callback_init
                0x4a01188c       0xc0 common/built-in.o
                0x4a01188c                env_callback_init
 .text.skip_num
                0x4a01194c       0x70 common/built-in.o
 .text.clear_flags
                0x4a0119bc       0x10 common/built-in.o
 .text.on_flags
                0x4a0119cc       0x50 common/built-in.o
 .text.env_flags_parse_vartype
                0x4a011a1c       0x4c common/built-in.o
                0x4a011a1c                env_flags_parse_vartype
 .text.env_flags_parse_varaccess
                0x4a011a68       0x54 common/built-in.o
                0x4a011a68                env_flags_parse_varaccess
 .text.set_flags
                0x4a011abc       0xb0 common/built-in.o
 .text.eth_validate_ethaddr_str
                0x4a011b6c       0x90 common/built-in.o
                0x4a011b6c                eth_validate_ethaddr_str
 .text.env_flags_init
                0x4a011bfc       0xd0 common/built-in.o
                0x4a011bfc                env_flags_init
 .text.env_flags_validate
                0x4a011ccc      0x29c common/built-in.o
                0x4a011ccc                env_flags_validate
 .text.mmc_get_env_addr
                0x4a011f68       0x10 common/built-in.o
                0x4a011f68                mmc_get_env_addr
 .text.mmc_get_env_dev
                0x4a011f78        0x8 common/built-in.o
                0x4a011f78                mmc_get_env_dev
 .text.env_init
                0x4a011f80       0x1c common/built-in.o
                0x4a011f80                env_init
 .text.saveenv  0x4a011f9c      0x140 common/built-in.o
                0x4a011f9c                saveenv
 .text.env_relocate_spec
                0x4a0120dc      0x104 common/built-in.o
                0x4a0120dc                env_relocate_spec
 .text.of_bus_default_map
                0x4a0121e0       0xf0 common/built-in.o
 .text.of_bus_default_count_cells
                0x4a0122d0       0x58 common/built-in.o
                0x4a0122d0                of_bus_default_count_cells
 .text.of_bus_default_translate
                0x4a012328       0x9c common/built-in.o
 .text.fdt_getprop_u32_default_node
                0x4a0123c4       0x3c common/built-in.o
                0x4a0123c4                fdt_getprop_u32_default_node
 .text.fdt_find_and_setprop
                0x4a012400       0x88 common/built-in.o
                0x4a012400                fdt_find_and_setprop
 .text.fdt_find_or_add_subnode
                0x4a012488       0x68 common/built-in.o
                0x4a012488                fdt_find_or_add_subnode
 .text.fdt_root
                0x4a0124f0       0x88 common/built-in.o
                0x4a0124f0                fdt_root
 .text.fdt_initrd
                0x4a012578      0x1e4 common/built-in.o
                0x4a012578                fdt_initrd
 .text.fdt_chosen
                0x4a01275c       0xd4 common/built-in.o
                0x4a01275c                fdt_chosen
 .text.do_fixup_by_path
                0x4a012830       0x54 common/built-in.o
                0x4a012830                do_fixup_by_path
 .text.fdt_fixup_memory_banks
                0x4a012884      0x1dc common/built-in.o
                0x4a012884                fdt_fixup_memory_banks
 .text.fdt_fixup_memory
                0x4a012a60       0x20 common/built-in.o
                0x4a012a60                fdt_fixup_memory
 .text.fdt_fixup_ethernet
                0x4a012a80      0x1ac common/built-in.o
                0x4a012a80                fdt_fixup_ethernet
 .text.fdt_shrink_to_minimum
                0x4a012c2c       0xd0 common/built-in.o
                0x4a012c2c                fdt_shrink_to_minimum
 .text.fdt_translate_address
                0x4a012cfc      0x294 common/built-in.o
                0x4a012cfc                fdt_translate_address
 .text.miiphy_get_dev_by_name
                0x4a012f90       0x5c common/built-in.o
                0x4a012f90                miiphy_get_dev_by_name
 .text.miiphy_init
                0x4a012fec       0x24 common/built-in.o
                0x4a012fec                miiphy_init
 .text.mdio_alloc
                0x4a013010       0x30 common/built-in.o
                0x4a013010                mdio_alloc
 .text.mdio_register
                0x4a013040       0x94 common/built-in.o
                0x4a013040                mdio_register
 .text.mdio_list_devices
                0x4a0130d4       0x9c common/built-in.o
                0x4a0130d4                mdio_list_devices
 .text.miiphy_set_current_dev
                0x4a013170       0x40 common/built-in.o
                0x4a013170                miiphy_set_current_dev
 .text.miiphy_get_active_dev
                0x4a0131b0       0x50 common/built-in.o
 .text.mdio_get_current_dev
                0x4a013200       0x10 common/built-in.o
                0x4a013200                mdio_get_current_dev
 .text.mdio_phydev_for_ethname
                0x4a013210       0x8c common/built-in.o
                0x4a013210                mdio_phydev_for_ethname
 .text.miiphy_get_current_dev
                0x4a01329c       0x18 common/built-in.o
                0x4a01329c                miiphy_get_current_dev
 .text.miiphy_read
                0x4a0132b4       0x48 common/built-in.o
                0x4a0132b4                miiphy_read
 .text.miiphy_write
                0x4a0132fc       0x3c common/built-in.o
                0x4a0132fc                miiphy_write
 .text.miiphy_listdev
                0x4a013338       0x70 common/built-in.o
                0x4a013338                miiphy_listdev
 .text.miiphy_info
                0x4a0133a8       0x84 common/built-in.o
                0x4a0133a8                miiphy_info
 .text.miiphy_speed
                0x4a01342c       0xc4 common/built-in.o
                0x4a01342c                miiphy_speed
 .text.miiphy_duplex
                0x4a0134f0       0xb8 common/built-in.o
                0x4a0134f0                miiphy_duplex
 .text.miiphy_is_1000base_x
                0x4a0135a8        0x8 common/built-in.o
                0x4a0135a8                miiphy_is_1000base_x
 .text.usb_set_maxpacket_ep
                0x4a0135b0       0x68 common/built-in.o
 .text.usb_control_msg
                0x4a013618       0x9c common/built-in.o
                0x4a013618                usb_control_msg
 .text.usb_get_descriptor
                0x4a0136b4       0x50 common/built-in.o
 .text.get_descriptor_len
                0x4a013704       0x90 common/built-in.o
 .text.usb_get_string
                0x4a013794       0x68 common/built-in.o
 .text.usb_string_sub
                0x4a0137fc      0x104 common/built-in.o
 .text.usb_bulk_msg
                0x4a013900       0x74 common/built-in.o
                0x4a013900                usb_bulk_msg
 .text.usb_maxpacket
                0x4a013974       0x1c common/built-in.o
                0x4a013974                usb_maxpacket
 .text.usb_clear_halt
                0x4a013990       0xa0 common/built-in.o
                0x4a013990                usb_clear_halt
 .text.usb_get_configuration_len
                0x4a013a30       0x74 common/built-in.o
                0x4a013a30                usb_get_configuration_len
 .text.usb_get_configuration_no
                0x4a013aa4       0x30 common/built-in.o
                0x4a013aa4                usb_get_configuration_no
 .text.usb_set_interface
                0x4a013ad4       0xb8 common/built-in.o
                0x4a013ad4                usb_set_interface
 .text.usb_string
                0x4a013b8c      0x108 common/built-in.o
                0x4a013b8c                usb_string
 .text.usb_select_config
                0x4a013c94      0x48c common/built-in.o
                0x4a013c94                usb_select_config
 .text.usb_setup_device
                0x4a014120      0x188 common/built-in.o
                0x4a014120                usb_setup_device
 .text.usb_device_has_child_on_port
                0x4a0142a8        0x8 common/built-in.o
                0x4a0142a8                usb_device_has_child_on_port
 .text.usb_find_usb2_hub_address_port
                0x4a0142b0       0x78 common/built-in.o
                0x4a0142b0                usb_find_usb2_hub_address_port
 .text.usb_get_hub_descriptor
                0x4a014328       0x4c common/built-in.o
 .text.usb_set_port_feature
                0x4a014374       0x4c common/built-in.o
 .text.usb_clear_port_feature
                0x4a0143c0       0x4c common/built-in.o
 .text.usb_hub_reset_devices
                0x4a01440c        0x4 common/built-in.o
                0x4a01440c                usb_hub_reset_devices
 .text.usb_get_port_status
                0x4a014410       0x4c common/built-in.o
                0x4a014410                usb_get_port_status
 .text.usb_hub_reset
                0x4a01445c       0x20 common/built-in.o
                0x4a01445c                usb_hub_reset
 .text.legacy_hub_port_reset
                0x4a01447c       0xa4 common/built-in.o
                0x4a01447c                legacy_hub_port_reset
 .text.usb_hub_port_connect_change
                0x4a014520      0x10c common/built-in.o
                0x4a014520                usb_hub_port_connect_change
 .text.usb_hub_configure
                0x4a01462c      0x4a0 common/built-in.o
 .text.usb_hub_scan
                0x4a014acc       0x10 common/built-in.o
                0x4a014acc                usb_hub_scan
 .text.usb_hub_post_probe
                0x4a014adc        0x4 common/built-in.o
 .text.usb_stor_irq
                0x4a014ae0       0x1c common/built-in.o
 .text.usb_request_sense
                0x4a014afc       0x68 common/built-in.o
 .text.usb_stor_BBB_clear_endpt_stall
                0x4a014b64       0x44 common/built-in.o
 .text.usb_stor_BBB_reset
                0x4a014ba8       0xcc common/built-in.o
 .text.usb_stor_CB_reset
                0x4a014c74       0xcc common/built-in.o
 .text.usb_stor_BBB_transport
                0x4a014d40      0x260 common/built-in.o
 .text.usb_stor_CB_comdat
                0x4a014fa0      0x220 common/built-in.o
 .text.usb_stor_write
                0x4a0151c0      0x180 common/built-in.o
 .text.usb_stor_read
                0x4a015340      0x180 common/built-in.o
 .text.usb_stor_CBI_get_status.isra.2
                0x4a0154c0       0xc8 common/built-in.o
 .text.usb_stor_CB_transport
                0x4a015588      0x208 common/built-in.o
 .text.usb_stor_info
                0x4a015790       0x74 common/built-in.o
                0x4a015790                usb_stor_info
 .text.usb_stor_reset
                0x4a015804       0x14 common/built-in.o
                0x4a015804                usb_stor_reset
 .text.usb_storage_probe
                0x4a015818      0x218 common/built-in.o
                0x4a015818                usb_storage_probe
 .text.usb_stor_get_info
                0x4a015a30      0x318 common/built-in.o
                0x4a015a30                usb_stor_get_info
 .text.usb_mass_storage_probe
                0x4a015d48      0x1b4 common/built-in.o
 .text.menu_display_statusline
                0x4a015efc        0x4 common/built-in.o
                0x4a015efc                menu_display_statusline
 .text.menu_default_set
                0x4a015f00       0x80 common/built-in.o
                0x4a015f00                menu_default_set
 .text.menu_get_choice
                0x4a015f80      0x1d0 common/built-in.o
                0x4a015f80                menu_get_choice
 .text.menu_item_add
                0x4a016150       0xe0 common/built-in.o
                0x4a016150                menu_item_add
 .text.menu_create
                0x4a016230       0x90 common/built-in.o
                0x4a016230                menu_create
 .text.menu_destroy
                0x4a0162c0       0x70 common/built-in.o
                0x4a0162c0                menu_destroy
 .text.env_get_char_spec
                0x4a016330        0xc common/built-in.o
                0x4a016330                env_get_char_spec
 .text.env_get_addr
                0x4a01633c       0x24 common/built-in.o
                0x4a01633c                env_get_addr
 .text.env_get_char_memory
                0x4a016360       0x10 common/built-in.o
                0x4a016360                env_get_char_memory
 .text.env_get_char
                0x4a016370       0x30 common/built-in.o
                0x4a016370                env_get_char
 .text.getenv_yesno
                0x4a0163a0       0x54 common/built-in.o
                0x4a0163a0                getenv_yesno
 .text.getenv_default
                0x4a0163f4       0x30 common/built-in.o
                0x4a0163f4                getenv_default
 .text.set_default_env
                0x4a016424       0xc8 common/built-in.o
                0x4a016424                set_default_env
 .text.set_default_vars
                0x4a0164ec       0x3c common/built-in.o
                0x4a0164ec                set_default_vars
 .text.env_import
                0x4a016528       0xe0 common/built-in.o
                0x4a016528                env_import
 .text.env_export
                0x4a016608       0xa4 common/built-in.o
                0x4a016608                env_export
 .text.env_relocate
                0x4a0166ac       0x30 common/built-in.o
                0x4a0166ac                env_relocate
 .text.env_complete
                0x4a0166dc       0xe4 common/built-in.o
                0x4a0166dc                env_complete
 .text.console_setfile
                0x4a0167c0       0xc0 common/built-in.o
 .text.pre_console_putc
                0x4a016880       0x1c common/built-in.o
 .text.serial_printf
                0x4a01689c       0x50 common/built-in.o
                0x4a01689c                serial_printf
 .text.fgetc    0x4a0168ec       0x2c common/built-in.o
                0x4a0168ec                fgetc
 .text.getc     0x4a016918       0x24 common/built-in.o
                0x4a016918                getc
 .text.ftstc    0x4a01693c       0x2c common/built-in.o
                0x4a01693c                ftstc
 .text.tstc     0x4a016968       0x24 common/built-in.o
                0x4a016968                tstc
 .text.fputc    0x4a01698c       0x24 common/built-in.o
                0x4a01698c                fputc
 .text.putc     0x4a0169b0       0x48 common/built-in.o
                0x4a0169b0                putc
 .text.fputs    0x4a0169f8       0x24 common/built-in.o
                0x4a0169f8                fputs
 .text.puts     0x4a016a1c       0x6c common/built-in.o
                0x4a016a1c                puts
 .text.print_pre_console_buffer
                0x4a016a88       0xbc common/built-in.o
 .text.ctrlc    0x4a016b44       0x54 common/built-in.o
                0x4a016b44                ctrlc
 .text.disable_ctrlc
                0x4a016b98       0x18 common/built-in.o
                0x4a016b98                disable_ctrlc
 .text.had_ctrlc
                0x4a016bb0       0x10 common/built-in.o
                0x4a016bb0                had_ctrlc
 .text.clear_ctrlc
                0x4a016bc0       0x14 common/built-in.o
                0x4a016bc0                clear_ctrlc
 .text.search_device
                0x4a016bd4       0x28 common/built-in.o
                0x4a016bd4                search_device
 .text.console_assign
                0x4a016bfc       0x40 common/built-in.o
                0x4a016bfc                console_assign
 .text.on_console
                0x4a016c3c       0xc4 common/built-in.o
 .text.console_init_f
                0x4a016d00       0x1c common/built-in.o
                0x4a016d00                console_init_f
 .text.stdio_print_current_devices
                0x4a016d1c       0xb4 common/built-in.o
                0x4a016d1c                stdio_print_current_devices
 .text.console_init_r
                0x4a016dd0      0x15c common/built-in.o
                0x4a016dd0                console_init_r
 .text.sbrk     0x4a016f2c       0x6c common/built-in.o
                0x4a016f2c                sbrk
 .text.mem_malloc_init
                0x4a016f98       0x2c common/built-in.o
                0x4a016f98                mem_malloc_init
 .text.malloc_trim
                0x4a016fc4       0xd8 common/built-in.o
                0x4a016fc4                malloc_trim
 .text.free     0x4a01709c      0x248 common/built-in.o
                0x4a01709c                free
 .text.malloc   0x4a0172e4      0x60c common/built-in.o
                0x4a0172e4                malloc
 .text.calloc   0x4a0178f0      0x104 common/built-in.o
                0x4a0178f0                calloc
 .text.memalign
                0x4a0179f4      0x178 common/built-in.o
                0x4a0179f4                memalign
 .text.realloc  0x4a017b6c      0x428 common/built-in.o
                0x4a017b6c                realloc
 .text.initf_malloc
                0x4a017f94       0x18 common/built-in.o
                0x4a017f94                initf_malloc
 .text.malloc_simple
                0x4a017fac       0x30 common/built-in.o
                0x4a017fac                malloc_simple
 .text.on_loadaddr
                0x4a017fdc       0x38 common/built-in.o
 .text.image_check_hcrc
                0x4a018014       0x4c common/built-in.o
                0x4a018014                image_check_hcrc
 .text.image_check_dcrc
                0x4a018060       0x38 common/built-in.o
                0x4a018060                image_check_dcrc
 .text.image_multi_count
                0x4a018098       0x24 common/built-in.o
                0x4a018098                image_multi_count
 .text.image_multi_getimg
                0x4a0180bc       0x7c common/built-in.o
                0x4a0180bc                image_multi_getimg
 .text.getenv_bootm_low
                0x4a018138       0x30 common/built-in.o
                0x4a018138                getenv_bootm_low
 .text.getenv_bootm_size
                0x4a018168       0x68 common/built-in.o
                0x4a018168                getenv_bootm_size
 .text.getenv_bootm_mapsize
                0x4a0181d0       0x30 common/built-in.o
                0x4a0181d0                getenv_bootm_mapsize
 .text.memmove_wd
                0x4a018200        0xc common/built-in.o
                0x4a018200                memmove_wd
 .text.genimg_print_size
                0x4a01820c       0x30 common/built-in.o
                0x4a01820c                genimg_print_size
 .text.get_table_entry
                0x4a01823c       0x24 common/built-in.o
                0x4a01823c                get_table_entry
 .text.get_table_entry_name
                0x4a018260       0x20 common/built-in.o
                0x4a018260                get_table_entry_name
 .text.genimg_get_os_name
                0x4a018280       0x18 common/built-in.o
                0x4a018280                genimg_get_os_name
 .text.genimg_get_arch_name
                0x4a018298       0x18 common/built-in.o
                0x4a018298                genimg_get_arch_name
 .text.genimg_get_type_name
                0x4a0182b0       0x18 common/built-in.o
                0x4a0182b0                genimg_get_type_name
 .text.genimg_get_comp_name
                0x4a0182c8       0x18 common/built-in.o
                0x4a0182c8                genimg_get_comp_name
 .text.image_print_contents
                0x4a0182e0      0x170 common/built-in.o
                0x4a0182e0                image_print_contents
 .text.genimg_get_kernel_addr_fit
                0x4a018450       0x24 common/built-in.o
                0x4a018450                genimg_get_kernel_addr_fit
 .text.genimg_get_kernel_addr
                0x4a018474       0x20 common/built-in.o
                0x4a018474                genimg_get_kernel_addr
 .text.genimg_get_format
                0x4a018494       0x38 common/built-in.o
                0x4a018494                genimg_get_format
 .text.genimg_get_image
                0x4a0184cc        0x4 common/built-in.o
                0x4a0184cc                genimg_get_image
 .text.genimg_has_config
                0x4a0184d0        0x8 common/built-in.o
                0x4a0184d0                genimg_has_config
 .text.boot_get_ramdisk
                0x4a0184d8      0x284 common/built-in.o
                0x4a0184d8                boot_get_ramdisk
 .text.boot_ramdisk_high
                0x4a01875c      0x130 common/built-in.o
                0x4a01875c                boot_ramdisk_high
 .text.boot_get_setup
                0x4a01888c        0x8 common/built-in.o
                0x4a01888c                boot_get_setup
 .text.image_setup_linux
                0x4a018894       0x88 common/built-in.o
                0x4a018894                image_setup_linux
 .text.fdt_error
                0x4a01891c       0x2c common/built-in.o
 .text.boot_fdt_add_mem_rsv_regions
                0x4a018948       0x88 common/built-in.o
                0x4a018948                boot_fdt_add_mem_rsv_regions
 .text.boot_relocate_fdt
                0x4a0189d0      0x19c common/built-in.o
                0x4a0189d0                boot_relocate_fdt
 .text.boot_get_fdt
                0x4a018b6c      0x2bc common/built-in.o
                0x4a018b6c                boot_get_fdt
 .text.ft_verify_fdt
                0x4a018e28        0x8 common/built-in.o
                0x4a018e28                ft_verify_fdt
 .text.image_setup_libfdt
                0x4a018e30      0x138 common/built-in.o
                0x4a018e30                image_setup_libfdt
 .text.get_ram_size
                0x4a018f68      0x108 common/built-in.o
                0x4a018f68                get_ram_size
 .text.get_effective_memsize
                0x4a019070        0x8 common/built-in.o
                0x4a019070                get_effective_memsize
 .text.stdio_serial_tstc
                0x4a019078        0x4 common/built-in.o
 .text.stdio_serial_getc
                0x4a01907c        0x4 common/built-in.o
 .text.stdio_serial_puts
                0x4a019080        0x8 common/built-in.o
 .text.stdio_serial_putc
                0x4a019088        0x8 common/built-in.o
 .text.stdio_get_list
                0x4a019090        0xc common/built-in.o
                0x4a019090                stdio_get_list
 .text.stdio_get_by_name
                0x4a01909c       0x54 common/built-in.o
                0x4a01909c                stdio_get_by_name
 .text.stdio_clone
                0x4a0190f0       0x38 common/built-in.o
                0x4a0190f0                stdio_clone
 .text.stdio_register_dev
                0x4a019128       0x50 common/built-in.o
                0x4a019128                stdio_register_dev
 .text.stdio_register
                0x4a019178        0x8 common/built-in.o
                0x4a019178                stdio_register
 .text.stdio_init_tables
                0x4a019180       0x1c common/built-in.o
                0x4a019180                stdio_init_tables
 .text.stdio_add_devices
                0x4a01919c       0xd8 common/built-in.o
                0x4a01919c                stdio_add_devices
 .text.cli_simple_process_macros
                0x4a019274      0x20c common/built-in.o
                0x4a019274                cli_simple_process_macros
 .text.run_command
                0x4a019480       0x10 common/built-in.o
                0x4a019480                run_command
 .text.run_command_list
                0x4a019490       0x78 common/built-in.o
                0x4a019490                run_command_list
 .text.do_run   0x4a019508       0x7c common/built-in.o
                0x4a019508                do_run
 .text.cli_process_fdt
                0x4a019584       0x40 common/built-in.o
                0x4a019584                cli_process_fdt
 .text.cli_secure_boot_cmd
                0x4a0195c4       0x78 common/built-in.o
                0x4a0195c4                cli_secure_boot_cmd
 .text.cli_loop
                0x4a01963c        0xc common/built-in.o
                0x4a01963c                cli_loop
 .text.cli_init
                0x4a019648        0x4 common/built-in.o
                0x4a019648                cli_init
 .text.delete_char.part.0
                0x4a01964c       0xd4 common/built-in.o
 .text.cread_add_char
                0x4a019720       0xec common/built-in.o
 .text.cli_readline_into_buffer
                0x4a01980c      0xa6c common/built-in.o
                0x4a01980c                cli_readline_into_buffer
 .text.cli_readline
                0x4a01a278       0x14 common/built-in.o
                0x4a01a278                cli_readline
 .text.find_cmd_tbl
                0x4a01a28c       0x9c common/built-in.o
                0x4a01a28c                find_cmd_tbl
 .text.find_cmd
                0x4a01a328       0x28 common/built-in.o
                0x4a01a328                find_cmd
 .text.cmd_usage
                0x4a01a350       0x5c common/built-in.o
                0x4a01a350                cmd_usage
 .text._do_help
                0x4a01a3ac      0x188 common/built-in.o
                0x4a01a3ac                _do_help
 .text.var_complete
                0x4a01a534       0x84 common/built-in.o
                0x4a01a534                var_complete
 .text.cmd_auto_complete
                0x4a01a5b8      0x48c common/built-in.o
                0x4a01a5b8                cmd_auto_complete
 .text.cmd_get_data_size
                0x4a01aa44       0x50 common/built-in.o
                0x4a01aa44                cmd_get_data_size
 .text.cmd_process
                0x4a01aa94       0xec common/built-in.o
                0x4a01aa94                cmd_process
 .text.cmd_process_error
                0x4a01ab80       0x30 common/built-in.o
                0x4a01ab80                cmd_process_error
 .text.hex1_bin
                0x4a01abb0       0x38 common/built-in.o
 .text.hex2_bin
                0x4a01abe8       0x34 common/built-in.o
 .text.srec_decode
                0x4a01ac1c      0x260 common/built-in.o
                0x4a01ac1c                srec_decode
 .text.CYGACC_COMM_IF_GETC_TIMEOUT.isra.1
                0x4a01ae7c       0x4c common/built-in.o
 .text.xyzModem_flush
                0x4a01aec8       0x18 common/built-in.o
 .text.xyzModem_get_hdr
                0x4a01aee0      0x248 common/built-in.o
 .text.xyzModem_stream_open
                0x4a01b128      0x24c common/built-in.o
                0x4a01b128                xyzModem_stream_open
 .text.xyzModem_stream_read
                0x4a01b374      0x244 common/built-in.o
                0x4a01b374                xyzModem_stream_read
 .text.xyzModem_stream_close
                0x4a01b5b8       0x50 common/built-in.o
                0x4a01b5b8                xyzModem_stream_close
 .text.xyzModem_stream_terminate
                0x4a01b608       0x94 common/built-in.o
                0x4a01b608                xyzModem_stream_terminate
 .text.xyzModem_error
                0x4a01b69c       0x20 common/built-in.o
                0x4a01b69c                xyzModem_error
 .text.part_driver_lookup_type
                0x4a01b6bc       0x48 disk/built-in.o
 .text.blk_get_dev
                0x4a01b704       0x28 disk/built-in.o
                0x4a01b704                blk_get_dev
 .text.dev_print
                0x4a01b72c      0x218 disk/built-in.o
                0x4a01b72c                dev_print
 .text.part_init
                0x4a01b944       0x60 disk/built-in.o
                0x4a01b944                part_init
 .text.part_print
                0x4a01b9a4      0x110 disk/built-in.o
                0x4a01b9a4                part_print
 .text.part_get_info
                0x4a01bab4       0x5c disk/built-in.o
                0x4a01bab4                part_get_info
 .text.blk_get_device_by_str
                0x4a01bb10      0x140 disk/built-in.o
                0x4a01bb10                blk_get_device_by_str
 .text.blk_get_device_part_str
                0x4a01bc50      0x3d8 disk/built-in.o
                0x4a01bc50                blk_get_device_part_str
 .text.test_block_type
                0x4a01c028       0x88 disk/built-in.o
 .text.part_test_dos
                0x4a01c0b0       0x5c disk/built-in.o
 .text.print_partition_extended
                0x4a01c10c      0x24c disk/built-in.o
 .text.part_print_dos
                0x4a01c358       0x30 disk/built-in.o
                0x4a01c358                part_print_dos
 .text.part_get_info_extended
                0x4a01c388      0x338 disk/built-in.o
 .text.part_get_info_dos
                0x4a01c6c0       0x24 disk/built-in.o
                0x4a01c6c0                part_get_info_dos
 .text.iso_dread
                0x4a01c6e4       0x34 disk/built-in.o
                0x4a01c6e4                iso_dread
 .text.part_get_info_iso_verb
                0x4a01c718      0x41c disk/built-in.o
                0x4a01c718                part_get_info_iso_verb
 .text.part_test_iso
                0x4a01cb34       0x20 disk/built-in.o
 .text.part_print_iso
                0x4a01cb54       0x98 disk/built-in.o
 .text.part_get_info_iso
                0x4a01cbec        0x8 disk/built-in.o
 .text.print_efiname
                0x4a01cbf4       0x58 disk/built-in.o
 .text.part_test_efi
                0x4a01cc4c       0xe0 disk/built-in.o
 .text.validate_gpt_entries
                0x4a01cd2c       0x98 disk/built-in.o
 .text.validate_gpt_header
                0x4a01cdc4      0x234 disk/built-in.o
 .text.is_gpt_valid
                0x4a01cff8      0x1c0 disk/built-in.o
 .text.is_pte_valid
                0x4a01d1b8       0x58 disk/built-in.o
 .text.part_get_info_efi
                0x4a01d210      0x200 disk/built-in.o
                0x4a01d210                part_get_info_efi
 .text.part_print_efi
                0x4a01d410      0x274 disk/built-in.o
                0x4a01d410                part_print_efi
 .text.alloc_priv.part.4
                0x4a01d684       0x30 drivers/built-in.o
 .text.device_bind_common.isra.5
                0x4a01d6b4      0x33c drivers/built-in.o
 .text.device_bind_with_driver_data
                0x4a01d9f0       0x28 drivers/built-in.o
                0x4a01d9f0                device_bind_with_driver_data
 .text.device_bind
                0x4a01da18       0x28 drivers/built-in.o
                0x4a01da18                device_bind
 .text.device_bind_by_name
                0x4a01da40       0x68 drivers/built-in.o
                0x4a01da40                device_bind_by_name
 .text.device_probe
                0x4a01daa8      0x230 drivers/built-in.o
                0x4a01daa8                device_probe
 .text.dev_get_platdata
                0x4a01dcd8       0x30 drivers/built-in.o
                0x4a01dcd8                dev_get_platdata
 .text.dev_get_parent_platdata
                0x4a01dd08       0x30 drivers/built-in.o
                0x4a01dd08                dev_get_parent_platdata
 .text.dev_get_uclass_platdata
                0x4a01dd38       0x30 drivers/built-in.o
                0x4a01dd38                dev_get_uclass_platdata
 .text.dev_get_priv
                0x4a01dd68       0x30 drivers/built-in.o
                0x4a01dd68                dev_get_priv
 .text.dev_get_uclass_priv
                0x4a01dd98       0x30 drivers/built-in.o
                0x4a01dd98                dev_get_uclass_priv
 .text.dev_get_parent_priv
                0x4a01ddc8       0x30 drivers/built-in.o
                0x4a01ddc8                dev_get_parent_priv
 .text.device_get_child
                0x4a01ddf8       0x4c drivers/built-in.o
                0x4a01ddf8                device_get_child
 .text.device_find_first_child
                0x4a01de44       0x1c drivers/built-in.o
                0x4a01de44                device_find_first_child
 .text.device_find_next_child
                0x4a01de60       0x28 drivers/built-in.o
                0x4a01de60                device_find_next_child
 .text.dev_get_driver_data
                0x4a01de88        0x8 drivers/built-in.o
                0x4a01de88                dev_get_driver_data
 .text.device_get_uclass_id
                0x4a01de90       0x10 drivers/built-in.o
                0x4a01de90                device_get_uclass_id
 .text.dev_get_addr_index
                0x4a01dea0       0xa8 drivers/built-in.o
                0x4a01dea0                dev_get_addr_index
 .text.dev_get_addr_name
                0x4a01df48       0x38 drivers/built-in.o
                0x4a01df48                dev_get_addr_name
 .text.dev_get_addr
                0x4a01df80        0x8 drivers/built-in.o
                0x4a01df80                dev_get_addr
 .text.device_has_active_children
                0x4a01df88       0x40 drivers/built-in.o
                0x4a01df88                device_has_active_children
 .text.device_is_last_sibling
                0x4a01dfc8       0x2c drivers/built-in.o
                0x4a01dfc8                device_is_last_sibling
 .text.lists_driver_lookup_name
                0x4a01dff4       0x54 drivers/built-in.o
                0x4a01dff4                lists_driver_lookup_name
 .text.lists_uclass_lookup
                0x4a01e048       0x48 drivers/built-in.o
                0x4a01e048                lists_uclass_lookup
 .text.lists_bind_drivers
                0x4a01e090       0x90 drivers/built-in.o
                0x4a01e090                lists_bind_drivers
 .text.device_bind_driver_to_node
                0x4a01e120       0x44 drivers/built-in.o
                0x4a01e120                device_bind_driver_to_node
 .text.device_bind_driver
                0x4a01e164       0x14 drivers/built-in.o
                0x4a01e164                device_bind_driver
 .text.lists_bind_fdt
                0x4a01e178      0x1b8 drivers/built-in.o
                0x4a01e178                lists_bind_fdt
 .text.dm_root  0x4a01e330       0x2c drivers/built-in.o
                0x4a01e330                dm_root
 .text.dm_get_translation_offset
                0x4a01e35c       0x14 drivers/built-in.o
                0x4a01e35c                dm_get_translation_offset
 .text.dm_init  0x4a01e370       0x60 drivers/built-in.o
                0x4a01e370                dm_init
 .text.dm_scan_platdata
                0x4a01e3d0       0x2c drivers/built-in.o
                0x4a01e3d0                dm_scan_platdata
 .text.dm_scan_fdt_node
                0x4a01e3fc       0xc4 drivers/built-in.o
                0x4a01e3fc                dm_scan_fdt_node
 .text.dm_scan_fdt_dev
                0x4a01e4c0       0x2c drivers/built-in.o
                0x4a01e4c0                dm_scan_fdt_dev
 .text.dm_scan_fdt
                0x4a01e4ec       0x18 drivers/built-in.o
                0x4a01e4ec                dm_scan_fdt
 .text.dm_scan_other
                0x4a01e504        0x8 drivers/built-in.o
                0x4a01e504                dm_scan_other
 .text.dm_init_and_scan
                0x4a01e50c       0x44 drivers/built-in.o
                0x4a01e50c                dm_init_and_scan
 .text.uclass_find
                0x4a01e550       0x54 drivers/built-in.o
                0x4a01e550                uclass_find
 .text.uclass_get
                0x4a01e5a4      0x118 drivers/built-in.o
                0x4a01e5a4                uclass_get
 .text.uclass_find_device
                0x4a01e6bc       0x68 drivers/built-in.o
                0x4a01e6bc                uclass_find_device
 .text.uclass_find_first_device
                0x4a01e724       0x38 drivers/built-in.o
                0x4a01e724                uclass_find_first_device
 .text.uclass_find_next_device
                0x4a01e75c       0x2c drivers/built-in.o
                0x4a01e75c                uclass_find_next_device
 .text.uclass_find_device_by_seq
                0x4a01e788       0x70 drivers/built-in.o
                0x4a01e788                uclass_find_device_by_seq
 .text.uclass_find_device_by_of_offset
                0x4a01e7f8       0x60 drivers/built-in.o
                0x4a01e7f8                uclass_find_device_by_of_offset
 .text.uclass_get_device_tail
                0x4a01e858       0x28 drivers/built-in.o
                0x4a01e858                uclass_get_device_tail
 .text.uclass_get_device
                0x4a01e880       0x2c drivers/built-in.o
                0x4a01e880                uclass_get_device
 .text.uclass_get_device_by_seq
                0x4a01e8ac       0x54 drivers/built-in.o
                0x4a01e8ac                uclass_get_device_by_seq
 .text.uclass_get_device_by_of_offset
                0x4a01e900       0x2c drivers/built-in.o
                0x4a01e900                uclass_get_device_by_of_offset
 .text.uclass_first_device
                0x4a01e92c       0x34 drivers/built-in.o
                0x4a01e92c                uclass_first_device
 .text.uclass_next_device
                0x4a01e960       0x3c drivers/built-in.o
                0x4a01e960                uclass_next_device
 .text.uclass_bind_device
                0x4a01e99c       0x80 drivers/built-in.o
                0x4a01e99c                uclass_bind_device
 .text.uclass_unbind_device
                0x4a01ea1c       0x48 drivers/built-in.o
                0x4a01ea1c                uclass_unbind_device
 .text.uclass_resolve_seq
                0x4a01ea64       0xac drivers/built-in.o
                0x4a01ea64                uclass_resolve_seq
 .text.uclass_pre_probe_device
                0x4a01eb10       0x5c drivers/built-in.o
                0x4a01eb10                uclass_pre_probe_device
 .text.uclass_post_probe_device
                0x4a01eb6c       0x28 drivers/built-in.o
                0x4a01eb6c                uclass_post_probe_device
 .text.uclass_pre_remove_device
                0x4a01eb94       0x28 drivers/built-in.o
                0x4a01eb94                uclass_pre_remove_device
 .text.dm_warn  0x4a01ebbc       0x24 drivers/built-in.o
                0x4a01ebbc                dm_warn
 .text.device_unbind
                0x4a01ebe0      0x144 drivers/built-in.o
                0x4a01ebe0                device_unbind
 .text.device_free
                0x4a01ed24       0x90 drivers/built-in.o
                0x4a01ed24                device_free
 .text.device_remove
                0x4a01edb4      0x130 drivers/built-in.o
                0x4a01edb4                device_remove
 .text.simple_bus_post_bind
                0x4a01eee4       0x64 drivers/built-in.o
 .text.show_devices
                0x4a01ef48       0xf8 drivers/built-in.o
 .text.dm_dump_all
                0x4a01f040       0x3c drivers/built-in.o
                0x4a01f040                dm_dump_all
 .text.dm_dump_uclass
                0x4a01f07c       0xd8 drivers/built-in.o
                0x4a01f07c                dm_dump_uclass
 .text.get_desc
                0x4a01f154       0x68 drivers/built-in.o
 .text.blk_driver_lookup_type
                0x4a01f1bc       0x48 drivers/built-in.o
                0x4a01f1bc                blk_driver_lookup_type
 .text.blk_get_devnum_by_type
                0x4a01f204       0x34 drivers/built-in.o
                0x4a01f204                blk_get_devnum_by_type
 .text.blk_dselect_hwpart
                0x4a01f238       0x44 drivers/built-in.o
                0x4a01f238                blk_dselect_hwpart
 .text.blk_get_devnum_by_typename
                0x4a01f27c       0x78 drivers/built-in.o
                0x4a01f27c                blk_get_devnum_by_typename
 .text.blk_select_hwpart_devnum
                0x4a01f2f4       0x44 drivers/built-in.o
                0x4a01f2f4                blk_select_hwpart_devnum
 .text.keyboard_start
                0x4a01f338       0x2c drivers/built-in.o
 .text.keyboard_stop
                0x4a01f364       0x2c drivers/built-in.o
 .text.keyboard_pre_probe
                0x4a01f390       0x6c drivers/built-in.o
 .text.keyboard_tstc
                0x4a01f3fc       0x50 drivers/built-in.o
 .text.keyboard_getc
                0x4a01f44c       0x50 drivers/built-in.o
 .text.input_tstc
                0x4a01f49c       0x44 drivers/built-in.o
                0x4a01f49c                input_tstc
 .text.input_getc
                0x4a01f4e0       0x64 drivers/built-in.o
                0x4a01f4e0                input_getc
 .text.input_init
                0x4a01f544       0x24 drivers/built-in.o
                0x4a01f544                input_init
 .text.gpio_renumber
                0x4a01f568       0x80 drivers/gpio/built-in.o
 .text.gpio_pre_remove
                0x4a01f5e8       0x50 drivers/gpio/built-in.o
 .text.gpio_post_probe
                0x4a01f638       0x38 drivers/gpio/built-in.o
 .text.gpio_to_device
                0x4a01f670       0x80 drivers/gpio/built-in.o
 .text.check_reserved
                0x4a01f6f0       0x70 drivers/gpio/built-in.o
 .text.dm_gpio_lookup_name
                0x4a01f760      0x104 drivers/gpio/built-in.o
                0x4a01f760                dm_gpio_lookup_name
 .text.gpio_lookup_name
                0x4a01f864       0x70 drivers/gpio/built-in.o
                0x4a01f864                gpio_lookup_name
 .text.dm_gpio_request
                0x4a01f8d4       0x98 drivers/gpio/built-in.o
                0x4a01f8d4                dm_gpio_request
 .text.gpio_request
                0x4a01f96c       0x2c drivers/gpio/built-in.o
                0x4a01f96c                gpio_request
 .text._dm_gpio_free
                0x4a01f998       0x70 drivers/gpio/built-in.o
                0x4a01f998                _dm_gpio_free
 .text.gpio_free
                0x4a01fa08       0x28 drivers/gpio/built-in.o
                0x4a01fa08                gpio_free
 .text.gpio_direction_input
                0x4a01fa30       0x4c drivers/gpio/built-in.o
                0x4a01fa30                gpio_direction_input
 .text.gpio_direction_output
                0x4a01fa7c       0x54 drivers/gpio/built-in.o
                0x4a01fa7c                gpio_direction_output
 .text.dm_gpio_get_value
                0x4a01fad0       0x4c drivers/gpio/built-in.o
                0x4a01fad0                dm_gpio_get_value
 .text.dm_gpio_set_value
                0x4a01fb1c       0x58 drivers/gpio/built-in.o
                0x4a01fb1c                dm_gpio_set_value
 .text.gpio_get_value
                0x4a01fb74       0x24 drivers/gpio/built-in.o
                0x4a01fb74                gpio_get_value
 .text.gpio_set_value
                0x4a01fb98       0x2c drivers/gpio/built-in.o
                0x4a01fb98                gpio_set_value
 .text.gpio_get_bank_info
                0x4a01fbc4       0x1c drivers/gpio/built-in.o
                0x4a01fbc4                gpio_get_bank_info
 .text.get_function
                0x4a01fbe0       0xac drivers/gpio/built-in.o
                0x4a01fbe0                get_function
 .text.gpio_get_function
                0x4a01fc8c        0xc drivers/gpio/built-in.o
                0x4a01fc8c                gpio_get_function
 .text.gpio_get_raw_function
                0x4a01fc98        0xc drivers/gpio/built-in.o
                0x4a01fc98                gpio_get_raw_function
 .text.gpio_get_status
                0x4a01fca4      0x114 drivers/gpio/built-in.o
                0x4a01fca4                gpio_get_status
 .text.sunxi_gpio_set_value
                0x4a01fdb8       0x40 drivers/gpio/built-in.o
 .text.sunxi_gpio_get_value
                0x4a01fdf8       0x28 drivers/gpio/built-in.o
 .text.sunxi_gpio_get_function
                0x4a01fe20       0x30 drivers/gpio/built-in.o
 .text.sunxi_gpio_direction_output
                0x4a01fe50       0x54 drivers/gpio/built-in.o
 .text.sunxi_gpio_direction_input
                0x4a01fea4       0x24 drivers/gpio/built-in.o
 .text.gpio_sunxi_probe
                0x4a01fec8       0x34 drivers/gpio/built-in.o
 .text.gpio_sunxi_bind
                0x4a01fefc       0xf0 drivers/gpio/built-in.o
 .text.sunxi_gpio_xlate
                0x4a01ffec       0x40 drivers/gpio/built-in.o
 .text.sunxi_name_to_gpio_bank
                0x4a02002c       0x38 drivers/gpio/built-in.o
                0x4a02002c                sunxi_name_to_gpio_bank
 .text.sunxi_name_to_gpio
                0x4a020064       0x20 drivers/gpio/built-in.o
                0x4a020064                sunxi_name_to_gpio
 .text.i2c_get_adapter
                0x4a020084       0x5c drivers/i2c/built-in.o
                0x4a020084                i2c_get_adapter
 .text.i2c_init_bus
                0x4a0200e0       0x90 drivers/i2c/built-in.o
 .text.i2c_get_bus_num
                0x4a020170        0x8 drivers/i2c/built-in.o
                0x4a020170                i2c_get_bus_num
 .text.i2c_set_bus_num
                0x4a020178       0xc0 drivers/i2c/built-in.o
                0x4a020178                i2c_set_bus_num
 .text.i2c_init_all
                0x4a020238       0x14 drivers/i2c/built-in.o
                0x4a020238                i2c_init_all
 .text.i2c_probe
                0x4a02024c       0x28 drivers/i2c/built-in.o
                0x4a02024c                i2c_probe
 .text.i2c_read
                0x4a020274       0x48 drivers/i2c/built-in.o
                0x4a020274                i2c_read
 .text.i2c_write
                0x4a0202bc       0x48 drivers/i2c/built-in.o
                0x4a0202bc                i2c_write
 .text.i2c_set_bus_speed
                0x4a020304       0x64 drivers/i2c/built-in.o
                0x4a020304                i2c_set_bus_speed
 .text.i2c_get_bus_speed
                0x4a020368       0x14 drivers/i2c/built-in.o
                0x4a020368                i2c_get_bus_speed
 .text.i2c_init
                0x4a02037c       0x14 drivers/i2c/built-in.o
                0x4a02037c                i2c_init
 .text.__twsi_i2c_set_bus_speed
                0x4a020390       0x8c drivers/i2c/built-in.o
 .text.twsi_get_base
                0x4a02041c       0x30 drivers/i2c/built-in.o
 .text.twsi_i2c_set_bus_speed
                0x4a02044c       0x1c drivers/i2c/built-in.o
 .text.twsi_wait.isra.1
                0x4a020468       0x84 drivers/i2c/built-in.o
 .text.i2c_begin.isra.4
                0x4a0204ec       0x54 drivers/i2c/built-in.o
 .text.twsi_stop.isra.6
                0x4a020540       0x5c drivers/i2c/built-in.o
 .text.twsi_i2c_probe
                0x4a02059c       0x64 drivers/i2c/built-in.o
 .text.twsi_i2c_init
                0x4a020600       0x54 drivers/i2c/built-in.o
 .text.twsi_i2c_write
                0x4a020654       0xec drivers/i2c/built-in.o
 .text.twsi_i2c_read
                0x4a020740      0x128 drivers/i2c/built-in.o
 .text.find_mmc_device
                0x4a020868       0x44 drivers/mmc/built-in.o
                0x4a020868                find_mmc_device
 .text.mmc_select_hwpartp
                0x4a0208ac       0x4c drivers/mmc/built-in.o
 .text.mmc_get_dev
                0x4a0208f8       0x30 drivers/mmc/built-in.o
 .text.mmc_get_next_devnum
                0x4a020928       0x18 drivers/mmc/built-in.o
                0x4a020928                mmc_get_next_devnum
 .text.mmc_get_blk_desc
                0x4a020940        0x8 drivers/mmc/built-in.o
                0x4a020940                mmc_get_blk_desc
 .text.get_mmc_num
                0x4a020948       0x10 drivers/mmc/built-in.o
                0x4a020948                get_mmc_num
 .text.mmc_do_preinit
                0x4a020958       0x38 drivers/mmc/built-in.o
                0x4a020958                mmc_do_preinit
 .text.mmc_list_init
                0x4a020990       0x24 drivers/mmc/built-in.o
                0x4a020990                mmc_list_init
 .text.mmc_list_add
                0x4a0209b4       0x24 drivers/mmc/built-in.o
                0x4a0209b4                mmc_list_add
 .text.print_mmc_devices
                0x4a0209d8       0xc0 drivers/mmc/built-in.o
                0x4a0209d8                print_mmc_devices
 .text.mmc_create
                0x4a020a98       0xd4 drivers/mmc/built-in.o
                0x4a020a98                mmc_create
 .text.mmc_set_ios
                0x4a020b6c       0x20 drivers/mmc/built-in.o
 .text.mmc_set_capacity
                0x4a020b8c       0xb0 drivers/mmc/built-in.o
 .text.board_mmc_getwp
                0x4a020c3c        0x8 drivers/mmc/built-in.o
                0x4a020c3c                board_mmc_getwp
 .text.mmc_getwp
                0x4a020c44       0x3c drivers/mmc/built-in.o
                0x4a020c44                mmc_getwp
 .text.board_mmc_getcd
                0x4a020c80        0x8 drivers/mmc/built-in.o
                0x4a020c80                board_mmc_getcd
 .text.mmc_send_cmd
                0x4a020c88       0x18 drivers/mmc/built-in.o
                0x4a020c88                mmc_send_cmd
 .text.mmc_go_idle
                0x4a020ca0       0x4c drivers/mmc/built-in.o
 .text.mmc_send_op_cond_iter
                0x4a020cec       0x78 drivers/mmc/built-in.o
 .text.mmc_send_ext_csd
                0x4a020d64       0x4c drivers/mmc/built-in.o
 .text.sd_switch.constprop.4
                0x4a020db0       0x58 drivers/mmc/built-in.o
 .text.mmc_send_status
                0x4a020e08       0xd0 drivers/mmc/built-in.o
                0x4a020e08                mmc_send_status
 .text.mmc_set_blocklen
                0x4a020ed8       0x3c drivers/mmc/built-in.o
                0x4a020ed8                mmc_set_blocklen
 .text.mmc_bread
                0x4a020f14      0x170 drivers/mmc/built-in.o
                0x4a020f14                mmc_bread
 .text.mmc_switch
                0x4a021084       0x54 drivers/mmc/built-in.o
                0x4a021084                mmc_switch
 .text.mmc_switch_part
                0x4a0210d8       0x64 drivers/mmc/built-in.o
                0x4a0210d8                mmc_switch_part
 .text.mmc_hwpart_config
                0x4a02113c      0x474 drivers/mmc/built-in.o
                0x4a02113c                mmc_hwpart_config
 .text.mmc_getcd
                0x4a0215b0       0x3c drivers/mmc/built-in.o
                0x4a0215b0                mmc_getcd
 .text.mmc_set_clock
                0x4a0215ec       0x24 drivers/mmc/built-in.o
                0x4a0215ec                mmc_set_clock
 .text.mmc_startup
                0x4a021610      0xd38 drivers/mmc/built-in.o
 .text.board_mmc_power_init
                0x4a022348        0x4 drivers/mmc/built-in.o
                0x4a022348                board_mmc_power_init
 .text.mmc_start_init
                0x4a02234c      0x26c drivers/mmc/built-in.o
                0x4a02234c                mmc_start_init
 .text.mmc_init
                0x4a0225b8       0xf4 drivers/mmc/built-in.o
                0x4a0225b8                mmc_init
 .text.mmc_set_dsr
                0x4a0226ac        0xc drivers/mmc/built-in.o
                0x4a0226ac                mmc_set_dsr
 .text.cpu_mmc_init
                0x4a0226b8        0x8 drivers/mmc/built-in.o
                0x4a0226b8                cpu_mmc_init
 .text.mmc_initialize
                0x4a0226c0       0x54 drivers/mmc/built-in.o
                0x4a0226c0                mmc_initialize
 .text.sunxi_mmc_core_init
                0x4a022714       0x28 drivers/mmc/built-in.o
 .text.mmc_update_clk
                0x4a02273c       0x70 drivers/mmc/built-in.o
 .text.sunxi_mmc_send_cmd
                0x4a0227ac      0x36c drivers/mmc/built-in.o
 .text.sunxi_mmc_getcd_gpio
                0x4a022b18       0x3c drivers/mmc/built-in.o
 .text.sunxi_mmc_getcd
                0x4a022b54       0x30 drivers/mmc/built-in.o
 .text.mmc_set_mod_clk
                0x4a022b84      0x104 drivers/mmc/built-in.o
 .text.sunxi_mmc_set_ios
                0x4a022c88       0xc0 drivers/mmc/built-in.o
 .text.sunxi_mmc_init
                0x4a022d48      0x1a4 drivers/mmc/built-in.o
                0x4a022d48                sunxi_mmc_init
 .text.mmc_berase
                0x4a022eec      0x1a4 drivers/mmc/built-in.o
                0x4a022eec                mmc_berase
 .text.mmc_bwrite
                0x4a023090      0x1b4 drivers/mmc/built-in.o
                0x4a023090                mmc_bwrite
 .text._sun8i_write_hwaddr
                0x4a023244       0x50 drivers/net/built-in.o
 .text.sun8i_eth_write_hwaddr
                0x4a023294       0x24 drivers/net/built-in.o
 .text.sun8i_emac_eth_stop
                0x4a0232b8       0x4c drivers/net/built-in.o
 .text.sun8i_eth_free_pkt
                0x4a023304       0x48 drivers/net/built-in.o
 .text.sun8i_emac_eth_recv