Archive member included because of file (symbol)

arch/arm/lib/lib.a(ashldi3.o)
                              drivers/built-in.o (__aeabi_llsl)
arch/arm/lib/lib.a(lib1funcs.o)
                              arch/arm/mach-sunxi/built-in.o (__aeabi_uidiv)
arch/arm/lib/lib.a(lshrdi3.o)
                              lib/built-in.o (__aeabi_llsr)
arch/arm/lib/lib.a(div0.o)    arch/arm/lib/lib.a(lib1funcs.o) (__div0)

Discarded input sections

 .data          0x00000000        0x0 arch/arm/cpu/armv7/start.o
 .bss           0x00000000        0x0 arch/arm/cpu/armv7/start.o
 .text          0x00000000        0x0 arch/arm/mach-sunxi/built-in.o
 .text.enable_caches
                0x00000000        0x4 arch/arm/mach-sunxi/built-in.o
 .text.sunxi_get_sram_id
                0x00000000       0x20 arch/arm/mach-sunxi/built-in.o
 .text.print_cpuinfo
                0x00000000       0x18 arch/arm/mach-sunxi/built-in.o
 .text.sunxi_get_sid
                0x00000000       0x3c arch/arm/mach-sunxi/built-in.o
 .text.sunxi_gpio_get_cfgbank
                0x00000000       0x1a arch/arm/mach-sunxi/built-in.o
 .text.sunxi_gpio_get_cfgpin
                0x00000000       0x28 arch/arm/mach-sunxi/built-in.o
 .text.sunxi_usb_phy_enable_squelch_detect
                0x00000000       0x70 arch/arm/mach-sunxi/built-in.o
 .text.sunxi_usb_phy_init
                0x00000000       0x5c arch/arm/mach-sunxi/built-in.o
 .text.sunxi_usb_phy_exit
                0x00000000       0x3c arch/arm/mach-sunxi/built-in.o
 .text.sunxi_usb_phy_power_on
                0x00000000       0x38 arch/arm/mach-sunxi/built-in.o
 .text.sunxi_usb_phy_power_off
                0x00000000       0x20 arch/arm/mach-sunxi/built-in.o
 .text.sunxi_usb_phy_power_is_on
                0x00000000       0x18 arch/arm/mach-sunxi/built-in.o
 .text.sunxi_usb_phy_vbus_detect
                0x00000000       0x30 arch/arm/mach-sunxi/built-in.o
 .text.sunxi_usb_phy_id_detect
                0x00000000       0x18 arch/arm/mach-sunxi/built-in.o
 .text.sunxi_usb_phy_probe
                0x00000000       0xc4 arch/arm/mach-sunxi/built-in.o
 .text.sunxi_usb_phy_remove
                0x00000000       0x40 arch/arm/mach-sunxi/built-in.o
 .text.rsb_await_trans
                0x00000000       0x4c arch/arm/mach-sunxi/built-in.o
 .text.rsb_do_trans
                0x00000000       0x14 arch/arm/mach-sunxi/built-in.o
 .text.rsb_init
                0x00000000       0x9c arch/arm/mach-sunxi/built-in.o
 .text.rsb_set_device_address
                0x00000000       0x20 arch/arm/mach-sunxi/built-in.o
 .text.rsb_write
                0x00000000       0x2c arch/arm/mach-sunxi/built-in.o
 .text.rsb_read
                0x00000000       0x3c arch/arm/mach-sunxi/built-in.o
 .text.clock_set_pll3
                0x00000000       0x38 arch/arm/mach-sunxi/built-in.o
 .text.clock_get_pll3
                0x00000000       0x2c arch/arm/mach-sunxi/built-in.o
 .text.clock_get_mipi_pll
                0x00000000       0x3c arch/arm/mach-sunxi/built-in.o
 .text.clock_set_de_mod_clock
                0x00000000       0x30 arch/arm/mach-sunxi/built-in.o
 .data.sunxi_usb_phy
                0x00000000       0x80 arch/arm/mach-sunxi/built-in.o
 .bss           0x00000000        0x0 arch/arm/mach-sunxi/built-in.o
 .bss.initial_usb_scan_delay
                0x00000000        0x4 arch/arm/mach-sunxi/built-in.o
 .text.v7_dcache_maint_range
                0x00000000       0x4a arch/arm/cpu/armv7/built-in.o
 .text.invalidate_icache_all
                0x00000000       0x14 arch/arm/cpu/armv7/built-in.o
 .text.v7_outer_cache_enable
                0x00000000        0x2 arch/arm/cpu/armv7/built-in.o
 .text.v7_outer_cache_disable
                0x00000000        0x2 arch/arm/cpu/armv7/built-in.o
 .text.v7_outer_cache_flush_all
                0x00000000        0x2 arch/arm/cpu/armv7/built-in.o
 .text.flush_dcache_all
                0x00000000        0xe arch/arm/cpu/armv7/built-in.o
 .text.v7_outer_cache_inval_all
                0x00000000        0x2 arch/arm/cpu/armv7/built-in.o
 .text.invalidate_dcache_all
                0x00000000        0xe arch/arm/cpu/armv7/built-in.o
 .text.arm_init_before_mmu
                0x00000000       0x22 arch/arm/cpu/armv7/built-in.o
 .text.v7_outer_cache_flush_range
                0x00000000        0x2 arch/arm/cpu/armv7/built-in.o
 .text.flush_dcache_range
                0x00000000       0x20 arch/arm/cpu/armv7/built-in.o
 .text.mmu_page_table_flush
                0x00000000       0x1e arch/arm/cpu/armv7/built-in.o
 .text.v7_outer_cache_inval_range
                0x00000000        0x2 arch/arm/cpu/armv7/built-in.o
 .text.invalidate_dcache_range
                0x00000000       0x20 arch/arm/cpu/armv7/built-in.o
 .text.cpu_cache_initialization
                0x00000000        0x2 arch/arm/cpu/armv7/built-in.o
 .text.cleanup_before_linux_select
                0x00000000       0x38 arch/arm/cpu/armv7/built-in.o
 .text.cleanup_before_linux
                0x00000000        0x6 arch/arm/cpu/armv7/built-in.o
 .text.v7_arch_cp15_set_l2aux_ctrl
                0x00000000        0x6 arch/arm/cpu/armv7/built-in.o
 .text.v7_arch_cp15_set_acr
                0x00000000        0x6 arch/arm/cpu/armv7/built-in.o
 .text.sdelay   0x00000000        0x6 arch/arm/cpu/armv7/built-in.o
 .text.wait_on_value
                0x00000000       0x1e arch/arm/cpu/armv7/built-in.o
 ._secure.text  0x00000000      0x3fc arch/arm/cpu/armv7/built-in.o
 .text.get_gicd_base_address
                0x00000000       0x2c arch/arm/cpu/armv7/built-in.o
 .text.protect_secure_section
                0x00000000        0x2 arch/arm/cpu/armv7/built-in.o
 .text.smp_kick_all_cpus
                0x00000000       0x18 arch/arm/cpu/armv7/built-in.o
 .text.psci_board_init
                0x00000000        0x2 arch/arm/cpu/armv7/built-in.o
 .text.armv7_init_nonsec
                0x00000000       0x64 arch/arm/cpu/armv7/built-in.o
 .text.armv7_apply_memory_carveout
                0x00000000        0x4 arch/arm/cpu/armv7/built-in.o
 .text.psci_update_dt
                0x00000000       0x38 arch/arm/cpu/armv7/built-in.o
 .rodata.str1.1
                0x00000000       0x5c arch/arm/cpu/armv7/built-in.o
 .data          0x00000000        0x0 arch/arm/cpu/armv7/built-in.o
 ._secure.data  0x00000000       0x10 arch/arm/cpu/armv7/built-in.o
 .bss           0x00000000        0x0 arch/arm/cpu/armv7/built-in.o
 .text.board_init_f
                0x00000000        0x2 arch/arm/lib/built-in.o
 .text.bootz_setup
                0x00000000       0x6c arch/arm/lib/built-in.o
 .text.arch_reserve_stacks
                0x00000000       0x10 arch/arm/lib/built-in.o
 .text.interrupt_init
                0x00000000       0x14 arch/arm/lib/built-in.o
 .text.enable_interrupts
                0x00000000        0x2 arch/arm/lib/built-in.o
 .text.bad_mode
                0x00000000        0xc arch/arm/lib/built-in.o
 .text.show_regs
                0x00000000      0x104 arch/arm/lib/built-in.o
 .text.do_undefined_instruction
                0x00000000       0x18 arch/arm/lib/built-in.o
 .text.do_software_interrupt
                0x00000000       0x18 arch/arm/lib/built-in.o
 .text.do_prefetch_abort
                0x00000000       0x18 arch/arm/lib/built-in.o
 .text.do_data_abort
                0x00000000       0x18 arch/arm/lib/built-in.o
 .text.do_not_used
                0x00000000       0x18 arch/arm/lib/built-in.o
 .text.do_fiq   0x00000000       0x18 arch/arm/lib/built-in.o
 .text.do_irq   0x00000000       0x18 arch/arm/lib/built-in.o
 .text.enable_caches
                0x00000000        0xc arch/arm/lib/built-in.o
 .text.invalidate_dcache_range
                0x00000000        0x2 arch/arm/lib/built-in.o
 .text.flush_dcache_range
                0x00000000        0x2 arch/arm/lib/built-in.o
 .text.flush_cache
                0x00000000        0x6 arch/arm/lib/built-in.o
 .text.flush_dcache_all
                0x00000000        0xa arch/arm/lib/built-in.o
 .text.check_cache_range
                0x00000000       0x14 arch/arm/lib/built-in.o
 .text.invalidate_l2_cache
                0x00000000        0xc arch/arm/lib/built-in.o
 .text.cp_delay
                0x00000000       0x18 arch/arm/lib/built-in.o
 .text.cache_disable
                0x00000000       0x34 arch/arm/lib/built-in.o
 .text.arm_init_before_mmu
                0x00000000        0x2 arch/arm/lib/built-in.o
 .text.arm_init_domains
                0x00000000        0x2 arch/arm/lib/built-in.o
 .text.set_section_dcache
                0x00000000       0x14 arch/arm/lib/built-in.o
 .text.mmu_page_table_flush
                0x00000000        0x2 arch/arm/lib/built-in.o
 .text.mmu_set_region_dcache_behaviour
                0x00000000       0x48 arch/arm/lib/built-in.o
 .text.dram_bank_mmu_setup
                0x00000000       0x32 arch/arm/lib/built-in.o
 .text.cache_enable
                0x00000000       0x76 arch/arm/lib/built-in.o
 .text.icache_enable
                0x00000000        0x8 arch/arm/lib/built-in.o
 .text.icache_disable
                0x00000000        0x8 arch/arm/lib/built-in.o
 .text.icache_status
                0x00000000        0xa arch/arm/lib/built-in.o
 .text.dcache_enable
                0x00000000        0x6 arch/arm/lib/built-in.o
 .text.dcache_disable
                0x00000000        0x6 arch/arm/lib/built-in.o
 .text.dcache_status
                0x00000000        0xa arch/arm/lib/built-in.o
 .text.fdt_psci
                0x00000000      0x184 arch/arm/lib/built-in.o
 .rodata        0x00000000       0x80 arch/arm/lib/built-in.o
 .__secure_end  0x00000000        0x0 arch/arm/lib/built-in.o
 .__rel_dyn_end
                0x00000000        0x0 arch/arm/lib/built-in.o
 .__image_copy_end
                0x00000000        0x0 arch/arm/lib/built-in.o
 .__image_copy_start
                0x00000000        0x0 arch/arm/lib/built-in.o
 .__efi_runtime_rel_start
                0x00000000        0x0 arch/arm/lib/built-in.o
 .__secure_stack_start
                0x00000000        0x0 arch/arm/lib/built-in.o
 .__secure_stack_end
                0x00000000        0x0 arch/arm/lib/built-in.o
 .__efi_runtime_stop
                0x00000000        0x0 arch/arm/lib/built-in.o
 .__end         0x00000000        0x0 arch/arm/lib/built-in.o
 .__efi_runtime_rel_stop
                0x00000000        0x0 arch/arm/lib/built-in.o
 .__efi_runtime_start
                0x00000000        0x0 arch/arm/lib/built-in.o
 .__rel_dyn_start
                0x00000000        0x0 arch/arm/lib/built-in.o
 .__secure_start
                0x00000000        0x0 arch/arm/lib/built-in.o
 .bss           0x00000000        0x0 arch/arm/lib/built-in.o
 .text          0x00000000        0x0 board/sunxi/built-in.o
 .text.setup_environment
                0x00000000       0xd8 board/sunxi/built-in.o
 .text.board_init
                0x00000000       0x58 board/sunxi/built-in.o
 .text.dram_init
                0x00000000       0x16 board/sunxi/built-in.o
 .text.get_board_serial
                0x00000000       0x24 board/sunxi/built-in.o
 .text.misc_init_r
                0x00000000       0x94 board/sunxi/built-in.o
 .text.ft_board_setup
                0x00000000        0xa board/sunxi/built-in.o
 .data          0x00000000        0x0 board/sunxi/built-in.o
 .bss           0x00000000        0x0 board/sunxi/built-in.o
 .text          0x00000000        0x0 common/spl/built-in.o
 .text.spl_board_prepare_for_linux
                0x00000000        0x2 common/spl/built-in.o
 .text.spl_board_announce_boot_device
                0x00000000        0x2 common/spl/built-in.o
 .text.spl_start_uboot
                0x00000000        0x4 common/spl/built-in.o
 .text.spl_mmc_do_fs_boot
                0x00000000        0x6 common/spl/built-in.o
 .bss           0x00000000        0x0 common/spl/built-in.o
 .bss.boot_params_ptr
                0x00000000        0x4 common/spl/built-in.o
 .text          0x00000000        0x0 common/init/built-in.o
 .text.show_boot_progress
                0x00000000        0x2 common/init/built-in.o
 .data          0x00000000        0x0 common/init/built-in.o
 .bss           0x00000000        0x0 common/init/built-in.o
 .text          0x00000000        0x0 common/built-in.o
 .text.env_get_char_spec
                0x00000000        0x8 common/built-in.o
 .text.env_get_addr
                0x00000000       0x18 common/built-in.o
 .text.env_get_char_memory
                0x00000000        0xa common/built-in.o
 .text.env_get_char
                0x00000000       0x20 common/built-in.o
 .text.getenv_yesno
                0x00000000       0x36 common/built-in.o
 .text.getenv_default
                0x00000000       0x20 common/built-in.o
 .text.set_default_env
                0x00000000       0x84 common/built-in.o
 .text.set_default_vars
                0x00000000       0x24 common/built-in.o
 .text.env_import
                0x00000000       0x90 common/built-in.o
 .text.env_export
                0x00000000       0x68 common/built-in.o
 .text.env_relocate
                0x00000000        0xe common/built-in.o
 .text.console_setfile
                0x00000000       0x78 common/built-in.o
 .text.serial_printf
                0x00000000       0x36 common/built-in.o
 .text.fgetc    0x00000000       0x1c common/built-in.o
 .text.getc     0x00000000       0x18 common/built-in.o
 .text.ftstc    0x00000000       0x1c common/built-in.o
 .text.tstc     0x00000000       0x18 common/built-in.o
 .text.fprintf  0x00000000       0x3a common/built-in.o
 .text.ctrlc    0x00000000       0x34 common/built-in.o
 .text.confirm_yesno
                0x00000000       0x80 common/built-in.o
 .text.disable_ctrlc
                0x00000000       0x10 common/built-in.o
 .text.had_ctrlc
                0x00000000        0xc common/built-in.o
 .text.clear_ctrlc
                0x00000000        0xc common/built-in.o
 .text.search_device
                0x00000000       0x16 common/built-in.o
 .text.console_assign
                0x00000000       0x2c common/built-in.o
 .text.console_init_f
                0x00000000        0xa common/built-in.o
 .text.stdio_print_current_devices
                0x00000000       0x7c common/built-in.o
 .text.console_init_r
                0x00000000       0xd0 common/built-in.o
 .text.sbrk     0x00000000       0x4c common/built-in.o
 .text.mem_malloc_init
                0x00000000       0x1c common/built-in.o
 .text.malloc_trim
                0x00000000       0x88 common/built-in.o
 .text.fREe     0x00000000      0x170 common/built-in.o
 .text.cfree    0x00000000        0x4 common/built-in.o
 .text.mALLOc   0x00000000      0x3ec common/built-in.o
 .text.cALLOc   0x00000000       0x98 common/built-in.o
 .text.mEMALIGn
                0x00000000      0x10e common/built-in.o
 .text.pvALLOc  0x00000000       0x14 common/built-in.o
 .text.vALLOc   0x00000000        0xa common/built-in.o
 .text.rEALLOc  0x00000000      0x2c4 common/built-in.o
 .text.malloc_usable_size
                0x00000000       0x2a common/built-in.o
 .text.mALLOPt  0x00000000       0x3c common/built-in.o
 .text.initf_malloc
                0x00000000       0x16 common/built-in.o
 .text.memalign_simple
                0x00000000       0x36 common/built-in.o
 .text.image_check_hcrc
                0x00000000       0x2c common/built-in.o
 .text.image_check_dcrc
                0x00000000       0x24 common/built-in.o
 .text.image_multi_count
                0x00000000       0x12 common/built-in.o
 .text.image_multi_getimg
                0x00000000       0x4a common/built-in.o
 .text.getenv_bootm_low
                0x00000000       0x20 common/built-in.o
 .text.getenv_bootm_size
                0x00000000       0x44 common/built-in.o
 .text.getenv_bootm_mapsize
                0x00000000       0x20 common/built-in.o
 .text.memmove_wd
                0x00000000        0xa common/built-in.o
 .text.genimg_print_size
                0x00000000       0x24 common/built-in.o
 .text.get_table_entry
                0x00000000       0x12 common/built-in.o
 .text.genimg_get_short_name
                0x00000000       0x14 common/built-in.o
 .text.genimg_get_cat_name
                0x00000000       0x38 common/built-in.o
 .text.genimg_get_cat_short_name
                0x00000000       0x38 common/built-in.o
 .text.genimg_get_cat_count
                0x00000000       0x10 common/built-in.o
 .text.genimg_get_cat_desc
                0x00000000       0x10 common/built-in.o
 .text.get_table_entry_name
                0x00000000       0x12 common/built-in.o
 .text.genimg_get_os_name
                0x00000000       0x14 common/built-in.o
 .text.genimg_get_arch_name
                0x00000000       0x14 common/built-in.o
 .text.genimg_get_type_name
                0x00000000       0x14 common/built-in.o
 .text.genimg_get_type_short_name
                0x00000000        0xc common/built-in.o
 .text.genimg_get_comp_name
                0x00000000       0x14 common/built-in.o
 .text.image_print_contents
                0x00000000       0xec common/built-in.o
 .text.genimg_get_comp_short_name
                0x00000000        0xc common/built-in.o
 .text.genimg_get_os_short_name
                0x00000000        0xc common/built-in.o
 .text.genimg_get_arch_short_name
                0x00000000        0xc common/built-in.o
 .text.get_table_entry_id
                0x00000000       0x26 common/built-in.o
 .text.genimg_get_os_id
                0x00000000       0x14 common/built-in.o
 .text.genimg_get_arch_id
                0x00000000       0x14 common/built-in.o
 .text.genimg_get_type_id
                0x00000000       0x14 common/built-in.o
 .text.genimg_get_comp_id
                0x00000000       0x14 common/built-in.o
 .text.genimg_get_kernel_addr_fit
                0x00000000       0x14 common/built-in.o
 .text.genimg_get_kernel_addr
                0x00000000       0x12 common/built-in.o
 .text.genimg_get_format
                0x00000000       0x14 common/built-in.o
 .text.genimg_get_image
                0x00000000        0x2 common/built-in.o
 .text.genimg_has_config
                0x00000000        0x4 common/built-in.o
 .text.boot_get_ramdisk
                0x00000000      0x198 common/built-in.o
 .text.boot_ramdisk_high
                0x00000000       0xcc common/built-in.o
 .text.boot_get_setup
                0x00000000        0x6 common/built-in.o
 .text.image_setup_linux
                0x00000000       0x1c common/built-in.o
 .text.get_ram_size
                0x00000000       0xa2 common/built-in.o
 .text.get_effective_memsize
                0x00000000        0x6 common/built-in.o
 .text.stdio_serial_tstc
                0x00000000        0x4 common/built-in.o
 .text.stdio_serial_getc
                0x00000000        0x4 common/built-in.o
 .text.stdio_serial_puts
                0x00000000        0x6 common/built-in.o
 .text.stdio_serial_putc
                0x00000000        0x6 common/built-in.o
 .text.stdio_get_list
                0x00000000        0x8 common/built-in.o
 .text.stdio_get_by_name
                0x00000000       0x34 common/built-in.o
 .text.stdio_clone
                0x00000000       0x22 common/built-in.o
 .text.stdio_register_dev
                0x00000000       0x34 common/built-in.o
 .text.stdio_register
                0x00000000        0x6 common/built-in.o
 .text.stdio_init_tables
                0x00000000       0x14 common/built-in.o
 .text.stdio_add_devices
                0x00000000       0x8c common/built-in.o
 .text.stdio_init
                0x00000000       0x18 common/built-in.o
 .text.cli_simple_parse_line
                0x00000000       0x50 common/built-in.o
 .text.cli_simple_process_macros
                0x00000000      0x11a common/built-in.o
 .text.cli_simple_run_command
                0x00000000       0xd8 common/built-in.o
 .text.cli_simple_loop
                0x00000000       0x58 common/built-in.o
 .text.cli_simple_run_command_list
                0x00000000       0x40 common/built-in.o
 .text.run_command
                0x00000000        0xe common/built-in.o
 .text.run_command_repeatable
                0x00000000       0x14 common/built-in.o
 .text.run_command_list
                0x00000000       0x38 common/built-in.o
 .text.do_run   0x00000000       0x48 common/built-in.o
 .text.cli_loop
                0x00000000        0x8 common/built-in.o
 .text.cli_init
                0x00000000        0x4 common/built-in.o
 .text.delete_char.part.0
                0x00000000       0x88 common/built-in.o
 .text.cli_readline_into_buffer
                0x00000000      0x13c common/built-in.o
 .text.cli_readline
                0x00000000       0x10 common/built-in.o
 .text.find_cmd_tbl
                0x00000000       0x62 common/built-in.o
 .text.find_cmd
                0x00000000       0x1c common/built-in.o
 .text.cmd_usage
                0x00000000       0x18 common/built-in.o
 .text._do_help
                0x00000000      0x10c common/built-in.o
 .text.cmd_get_data_size
                0x00000000       0x34 common/built-in.o
 .text.cmd_process
                0x00000000       0x9c common/built-in.o
 .text.cmd_process_error
                0x00000000       0x1c common/built-in.o
 .text.hex1_bin
                0x00000000       0x2c common/built-in.o
 .text.hex2_bin
                0x00000000       0x2a common/built-in.o
 .text.srec_decode
                0x00000000      0x178 common/built-in.o
 .text.CYGACC_COMM_IF_GETC_TIMEOUT.isra.1
                0x00000000       0x2c common/built-in.o
 .text.xyzModem_flush
                0x00000000       0x10 common/built-in.o
 .text.xyzModem_get_hdr
                0x00000000      0x184 common/built-in.o
 .text.xyzModem_stream_open
                0x00000000      0x184 common/built-in.o
 .text.xyzModem_stream_read
                0x00000000      0x198 common/built-in.o
 .text.xyzModem_stream_close
                0x00000000       0x40 common/built-in.o
 .text.xyzModem_stream_terminate
                0x00000000       0x68 common/built-in.o
 .text.xyzModem_error
                0x00000000       0x18 common/built-in.o
 .rodata        0x00000000       0x1e common/built-in.o
 .rodata.default_environment
                0x00000000       0x1e common/built-in.o
 .rodata.__func__.4291
                0x00000000       0x10 common/built-in.o
 .rodata.str1.1
                0x00000000      0xc74 common/built-in.o
 .rodata.__func__.4307
                0x00000000        0xb common/built-in.o
 .rodata.__func__.4314
                0x00000000        0xb common/built-in.o
 .rodata.uimage_comp
                0x00000000       0x54 common/built-in.o
 .rodata.uimage_os
                0x00000000       0x78 common/built-in.o
 .rodata.table_info
                0x00000000       0x30 common/built-in.o
 .rodata.uimage_type
                0x00000000      0x15c common/built-in.o
 .rodata.uimage_arch
                0x00000000      0x138 common/built-in.o
 .rodata.tab_seq
                0x00000000        0x9 common/built-in.o
 .rodata.erase_seq
                0x00000000        0x4 common/built-in.o
 .rodata.CSWTCH.18
                0x00000000       0x16 common/built-in.o
 .rodata.CSWTCH.13
                0x00000000       0x20 common/built-in.o
 .data          0x00000000        0x0 common/built-in.o
 .data.env_htab
                0x00000000       0x10 common/built-in.o
 .data.av_      0x00000000      0x408 common/built-in.o
 .data.mmap_threshold
                0x00000000        0x4 common/built-in.o
 .data.sbrk_base
                0x00000000        0x4 common/built-in.o
 .data.trim_threshold
                0x00000000        0x4 common/built-in.o
 .data.load_addr
                0x00000000        0x4 common/built-in.o
 .data.stdio_names
                0x00000000        0xc common/built-in.o
 .bss           0x00000000        0x0 common/built-in.o
 .bss.ctrlc_was_pressed
                0x00000000        0x4 common/built-in.o
 .bss.ctrlc_disabled
                0x00000000        0x4 common/built-in.o
 .bss.max_total_mem
                0x00000000        0x4 common/built-in.o
 .bss.mem_malloc_brk
                0x00000000        0x4 common/built-in.o
 .bss.max_sbrked_mem
                0x00000000        0x4 common/built-in.o
 .bss.current_mallinfo
                0x00000000       0x28 common/built-in.o
 .bss.mem_malloc_end
                0x00000000        0x4 common/built-in.o
 .bss.top_pad   0x00000000        0x4 common/built-in.o
 .bss.mem_malloc_start
                0x00000000        0x4 common/built-in.o
 .bss.n_mmaps_max
                0x00000000        0x4 common/built-in.o
 .bss.save_addr
                0x00000000        0x4 common/built-in.o
 .bss.msg.4545  0x00000000       0x1e common/built-in.o
 .bss.save_size
                0x00000000        0x4 common/built-in.o
 .bss.devs      0x00000000       0x4c common/built-in.o
 .bss.lastcommand.3962
                0x00000000      0x401 common/built-in.o
 .bss.console_buffer
                0x00000000      0x401 common/built-in.o
 .bss.xyz       0x00000000      0x434 common/built-in.o
 .text          0x00000000        0x0 cmd/built-in.o
 .text._do_env_set.isra.1.constprop.3
                0x00000000      0x124 cmd/built-in.o
 .text.get_env_id
                0x00000000        0xc cmd/built-in.o
 .text.setenv   0x00000000       0x34 cmd/built-in.o
 .text.setenv_ulong
                0x00000000       0x16 cmd/built-in.o
 .text.setenv_hex
                0x00000000       0x20 cmd/built-in.o
 .text.envmatch
                0x00000000       0x46 cmd/built-in.o
 .text.getenv_f
                0x00000000       0x80 cmd/built-in.o
 .text.getenv   0x00000000       0x4c cmd/built-in.o
 .text.getenv_ulong
                0x00000000       0x1c cmd/built-in.o
 .text.getenv_hex
                0x00000000       0x20 cmd/built-in.o
 .rodata.str1.1
                0x00000000       0xb7 cmd/built-in.o
 .data          0x00000000        0x0 cmd/built-in.o
 .data.env_id   0x00000000        0x4 cmd/built-in.o
 .bss           0x00000000        0x0 cmd/built-in.o
 .comment       0x00000000       0x65 cmd/built-in.o
 .note.GNU-stack
                0x00000000        0x0 cmd/built-in.o
 .ARM.attributes
                0x00000000       0x2f cmd/built-in.o
 .debug_aranges
                0x00000000       0x68 cmd/built-in.o
 .debug_info    0x00000000      0xb87 cmd/built-in.o
 .debug_abbrev  0x00000000      0x2b3 cmd/built-in.o
 .debug_line    0x00000000      0x293 cmd/built-in.o
 .debug_frame   0x00000000      0x138 cmd/built-in.o
 .debug_str     0x00000000      0x5a4 cmd/built-in.o
 .debug_loc     0x00000000      0x68b cmd/built-in.o
 .debug_ranges  0x00000000       0xb8 cmd/built-in.o
 .text          0x00000000        0x0 disk/built-in.o
 .text.part_driver_lookup_type
                0x00000000       0x2c disk/built-in.o
 .text.blk_get_dev
                0x00000000       0x1a disk/built-in.o
 .text.dev_print
                0x00000000      0x158 disk/built-in.o
 .text.part_print
                0x00000000       0x28 disk/built-in.o
 .text.part_get_info
                0x00000000       0x34 disk/built-in.o
 .text.blk_get_device_by_str
                0x00000000       0xb8 disk/built-in.o
 .text.blk_get_device_part_str
                0x00000000      0x228 disk/built-in.o
 .rodata.str1.1
                0x00000000      0x307 disk/built-in.o
 .data          0x00000000        0x0 disk/built-in.o
 .bss           0x00000000        0x0 disk/built-in.o
 .text          0x00000000        0x0 drivers/built-in.o
 .text.i2c_reloc_fixup
                0x00000000        0x2 drivers/built-in.o
 .text.i2c_init_board
                0x00000000        0x2 drivers/built-in.o
 .text.i2c_early_init_f
                0x00000000        0x2 drivers/built-in.o
 .text.i2c_get_bus_num
                0x00000000        0x8 drivers/built-in.o
 .text.i2c_set_bus_num
                0x00000000       0x8c drivers/built-in.o
 .text.i2c_init_all
                0x00000000       0x10 drivers/built-in.o
 .text.i2c_probe
                0x00000000       0x20 drivers/built-in.o
 .text.i2c_read
                0x00000000       0x36 drivers/built-in.o
 .text.i2c_set_bus_speed
                0x00000000       0x4a drivers/built-in.o
 .text.i2c_get_bus_speed
                0x00000000       0x10 drivers/built-in.o
 .text.i2c_reg_read
                0x00000000       0x16 drivers/built-in.o
 .text.i2c_reg_write
                0x00000000       0x14 drivers/built-in.o
 .text.calc_tick
                0x00000000       0x14 drivers/built-in.o
 .text.mvtwsi_error
                0x00000000       0x18 drivers/built-in.o
 .text.sunxi_gpio_output
                0x00000000       0x48 drivers/built-in.o
 .text.gpio_free
                0x00000000        0x4 drivers/built-in.o
 .text.gpio_direction_output
                0x00000000       0x18 drivers/built-in.o
 .text.gpio_set_value
                0x00000000        0x4 drivers/built-in.o
 .text.get_mmc_num
                0x00000000        0xc drivers/built-in.o
 .text.print_mmc_devices
                0x00000000       0x84 drivers/built-in.o
 .text.mmc_destroy
                0x00000000        0x2 drivers/built-in.o
 .text.board_mmc_getwp
                0x00000000        0x6 drivers/built-in.o
 .text.mmc_getwp
                0x00000000       0x1e drivers/built-in.o
 .text.mmc_hwpart_config
                0x00000000      0x2ec drivers/built-in.o
 .text.mmc_set_dsr
                0x00000000        0x6 drivers/built-in.o
 .text.board_mmc_init
                0x00000000        0x6 drivers/built-in.o
 .text.mmc_set_preinit
                0x00000000        0x6 drivers/built-in.o
 .text.serial_stub_start
                0x00000000        0xa drivers/built-in.o
 .text.serial_stub_stop
                0x00000000        0xa drivers/built-in.o
 .text.serial_stub_putc
                0x00000000        0xc drivers/built-in.o
 .text.serial_stub_puts
                0x00000000        0xc drivers/built-in.o
 .text.serial_stub_getc
                0x00000000        0xa drivers/built-in.o
 .text.serial_stub_tstc
                0x00000000        0xa drivers/built-in.o
 .text.serial_null
                0x00000000        0x2 drivers/built-in.o
 .text.serial_register
                0x00000000       0x10 drivers/built-in.o
 .text.serial_stdio_init
                0x00000000       0x70 drivers/built-in.o
 .text.serial_assign
                0x00000000       0x30 drivers/built-in.o
 .text.serial_initialize
                0x00000000       0xc6 drivers/built-in.o
 .text.serial_reinit_all
                0x00000000       0x18 drivers/built-in.o
 .text.serial_setbrg
                0x00000000        0xc drivers/built-in.o
 .text.serial_getc
                0x00000000        0xc drivers/built-in.o
 .text.serial_tstc
                0x00000000        0xc drivers/built-in.o
 .text.default_serial_puts
                0x00000000       0x1a drivers/built-in.o
 .text.eserial2_putc
                0x00000000        0x6 drivers/built-in.o
 .text.eserial3_putc
                0x00000000        0x6 drivers/built-in.o
 .text.eserial4_putc
                0x00000000        0x6 drivers/built-in.o
 .text.eserial5_putc
                0x00000000        0x6 drivers/built-in.o
 .text.eserial2_puts
                0x00000000        0x6 drivers/built-in.o
 .text.eserial3_puts
                0x00000000        0x6 drivers/built-in.o
 .text.eserial4_puts
                0x00000000        0x6 drivers/built-in.o
 .text.eserial5_puts
                0x00000000        0x6 drivers/built-in.o
 .text.eserial2_tstc
                0x00000000        0x6 drivers/built-in.o
 .text.eserial3_tstc
                0x00000000        0x6 drivers/built-in.o
 .text.eserial4_tstc
                0x00000000        0x6 drivers/built-in.o
 .text.eserial5_tstc
                0x00000000        0x6 drivers/built-in.o
 .text.eserial2_getc
                0x00000000        0x6 drivers/built-in.o
 .text.eserial3_getc
                0x00000000        0x6 drivers/built-in.o
 .text.eserial4_getc
                0x00000000        0x6 drivers/built-in.o
 .text.eserial5_getc
                0x00000000        0x6 drivers/built-in.o
 .text.eserial2_setbrg
                0x00000000        0x6 drivers/built-in.o
 .text.eserial3_setbrg
                0x00000000        0x6 drivers/built-in.o
 .text.eserial4_setbrg
                0x00000000        0x6 drivers/built-in.o
 .text.eserial5_setbrg
                0x00000000        0x6 drivers/built-in.o
 .text.eserial5_init
                0x00000000       0x24 drivers/built-in.o
 .text.eserial4_init
                0x00000000       0x24 drivers/built-in.o
 .text.eserial3_init
                0x00000000       0x24 drivers/built-in.o
 .text.eserial2_init
                0x00000000       0x24 drivers/built-in.o
 .text.ns16550_serial_initialize
                0x00000000       0x38 drivers/built-in.o
 .text.get_desc
                0x00000000       0x3c drivers/built-in.o
 .text.blk_list_part
                0x00000000       0x50 drivers/built-in.o
 .text.blk_print_part_devnum
                0x00000000       0x32 drivers/built-in.o
 .text.blk_list_devices
                0x00000000       0x40 drivers/built-in.o
 .text.blk_print_device_num
                0x00000000       0x38 drivers/built-in.o
 .text.blk_show_device
                0x00000000       0x58 drivers/built-in.o
 .text.blk_get_devnum_by_type
                0x00000000       0x1e drivers/built-in.o
 .text.blk_get_devnum_by_typename
                0x00000000       0x4c drivers/built-in.o
 .text.blk_read_devnum
                0x00000000       0x48 drivers/built-in.o
 .text.blk_write_devnum
                0x00000000       0x2c drivers/built-in.o
 .text.blk_select_hwpart_devnum
                0x00000000       0x28 drivers/built-in.o
 .data          0x00000000        0x0 drivers/built-in.o
 .data.eserial2_device
                0x00000000       0x30 drivers/built-in.o
 .data.eserial3_device
                0x00000000       0x30 drivers/built-in.o
 .data.eserial4_device
                0x00000000       0x30 drivers/built-in.o
 .data.eserial5_device
                0x00000000       0x30 drivers/built-in.o
 .bss           0x00000000        0x0 drivers/built-in.o
 .bss.serial_devices
                0x00000000        0x4 drivers/built-in.o
 .text          0x00000000        0x0 lib/built-in.o
 .text.drop_var_from_set.part.3
                0x00000000       0x30 lib/built-in.o
 .text.hcreate_r
                0x00000000       0x64 lib/built-in.o
 .text.hdestroy_r
                0x00000000       0x20 lib/built-in.o
 .text.hmatch_r
                0x00000000       0x5c lib/built-in.o
 .text.hsearch_r
                0x00000000      0x294 lib/built-in.o
 .text.hdelete_r
                0x00000000       0x8c lib/built-in.o
 .text.himport_r
                0x00000000      0x218 lib/built-in.o
 .text.hwalk_r  0x00000000       0x2a lib/built-in.o
 .text.display_options
                0x00000000       0x18 lib/built-in.o
 .text.print_freq
                0x00000000      0x120 lib/built-in.o
 .text.print_size
                0x00000000       0xdc lib/built-in.o
 .text.print_buffer
                0x00000000      0x10c lib/built-in.o
 .text.crc32_no_comp
                0x00000000       0x90 lib/built-in.o
 .text.crc32    0x00000000        0xc lib/built-in.o
 .text.crc32_wd
                0x00000000        0x4 lib/built-in.o
 .text.crc32_wd_buf
                0x00000000       0x24 lib/built-in.o
 .text.copy_from_user
                0x00000000        0xa lib/built-in.o
 .text.kmalloc  0x00000000       0x20 lib/built-in.o
 .text.get_mem  0x00000000       0x10 lib/built-in.o
 .text.kmem_cache_alloc
                0x00000000        0xa lib/built-in.o
 .text.skip_spaces
                0x00000000       0x18 lib/built-in.o
 .text.strim    0x00000000       0x30 lib/built-in.o
 .text.membuff_purge
                0x00000000        0x8 lib/built-in.o
 .text.membuff_putraw
                0x00000000       0x5e lib/built-in.o
 .text.membuff_putbyte
                0x00000000       0x1a lib/built-in.o
 .text.membuff_getraw
                0x00000000       0x50 lib/built-in.o
 .text.membuff_getbyte
                0x00000000       0x20 lib/built-in.o
 .text.membuff_peekbyte
                0x00000000       0x1e lib/built-in.o
 .text.membuff_get
                0x00000000       0x46 lib/built-in.o
 .text.membuff_put
                0x00000000       0x38 lib/built-in.o
 .text.membuff_isempty
                0x00000000        0xe lib/built-in.o
 .text.membuff_avail
                0x00000000       0x34 lib/built-in.o
 .text.membuff_size
                0x00000000        0x8 lib/built-in.o
 .text.membuff_makecontig
                0x00000000       0x44 lib/built-in.o
 .text.membuff_free
                0x00000000       0x1a lib/built-in.o
 .text.membuff_readline
                0x00000000       0x74 lib/built-in.o
 .text.membuff_extend_by
                0x00000000       0x80 lib/built-in.o
 .text.membuff_init
                0x00000000        0xc lib/built-in.o
 .text.membuff_new
                0x00000000       0x22 lib/built-in.o
 .text.membuff_uninit
                0x00000000        0xc lib/built-in.o
 .text.membuff_dispose
                0x00000000        0x4 lib/built-in.o
 .text.emit     0x00000000       0x20 lib/built-in.o
 .text.store_char_in_data
                0x00000000       0x24 lib/built-in.o
 .text.get_escape_char
                0x00000000       0x52 lib/built-in.o
 .text.match    0x00000000      0x26c lib/built-in.o
 .text.loop_greedy
                0x00000000       0x56 lib/built-in.o
 .text.loop_non_greedy
                0x00000000       0x52 lib/built-in.o
 .text.quantifier
                0x00000000       0x74 lib/built-in.o
 .text.fixup_branch.part.0
                0x00000000       0x28 lib/built-in.o
 .text.compile  0x00000000      0x288 lib/built-in.o
 .text.slre_compile
                0x00000000       0x7e lib/built-in.o
 .text.slre_match
                0x00000000       0x5a lib/built-in.o
 .text.strncasecmp
                0x00000000       0x44 lib/built-in.o
 .text.strcasecmp
                0x00000000        0x8 lib/built-in.o
 .text.strcpy   0x00000000       0x10 lib/built-in.o
 .text.strncpy  0x00000000       0x14 lib/built-in.o
 .text.strcat   0x00000000       0x1c lib/built-in.o
 .text.strncat  0x00000000       0x2c lib/built-in.o
 .text.strcmp   0x00000000       0x16 lib/built-in.o
 .text.strncmp  0x00000000       0x1e lib/built-in.o
 .text.strchr   0x00000000       0x18 lib/built-in.o
 .text.strlen   0x00000000       0x10 lib/built-in.o
 .text.strrchr  0x00000000       0x20 lib/built-in.o
 .text.strnlen  0x00000000       0x16 lib/built-in.o
 .text.strdup   0x00000000       0x22 lib/built-in.o
 .text.strspn   0x00000000       0x24 lib/built-in.o
 .text.strpbrk  0x00000000       0x22 lib/built-in.o
 .text.strtok   0x00000000       0x44 lib/built-in.o
 .text.strsep   0x00000000       0x1c lib/built-in.o
 .text.strswab  0x00000000       0x26 lib/built-in.o
 .text.strlcpy  0x00000000       0x2e lib/built-in.o
 .text.memmove  0x00000000       0x3c lib/built-in.o
 .text.memscan  0x00000000       0x18 lib/built-in.o
 .text.strstr   0x00000000       0x34 lib/built-in.o
 .text.memchr   0x00000000       0x1a lib/built-in.o
 .text.memchr_inv
                0x00000000       0xac lib/built-in.o
 .text.get_ticks
                0x00000000       0x2e lib/built-in.o
 .text.timer_init
                0x00000000        0x4 lib/built-in.o
 .text.get_timer
                0x00000000       0x10 lib/built-in.o
 .text.__udelay
                0x00000000       0x64 lib/built-in.o
 .text.mdelay   0x00000000       0x16 lib/built-in.o
 .text.putc_outstr
                0x00000000        0xa lib/built-in.o
 .text.sprintf  0x00000000       0x2c lib/built-in.o
 .text.snprintf
                0x00000000       0x2c lib/built-in.o
 .text.__assert_fail
                0x00000000       0x14 lib/built-in.o
 .text.panic_str
                0x00000000        0xa lib/built-in.o
 .text.strict_strtoul
                0x00000000       0x40 lib/built-in.o
 .text.ustrtoul
                0x00000000       0x40 lib/built-in.o
 .text.simple_strtoull
                0x00000000       0xa4 lib/built-in.o
 .text.ustrtoull
                0x00000000       0x52 lib/built-in.o
 .text.trailing_strtoln
                0x00000000       0x3c lib/built-in.o
 .text.trailing_strtol
                0x00000000        0x6 lib/built-in.o
 .rodata.names.4005
                0x00000000        0x3 lib/built-in.o
 .rodata.names.4028
                0x00000000        0x6 lib/built-in.o
 .rodata.crc_table
                0x00000000      0x400 lib/built-in.o
 .data          0x00000000        0x0 lib/built-in.o
 .data.cur      0x00000000        0x4 lib/built-in.o
 .data.current  0x00000000        0x4 lib/built-in.o
 .bss           0x00000000        0x0 lib/built-in.o
 .bss.errno     0x00000000        0x4 lib/built-in.o
 .bss.___strtok
                0x00000000        0x4 lib/built-in.o
 .text          0x00000000        0x0 arch/arm/lib/eabi_compat.o
 .data          0x00000000        0x0 arch/arm/lib/eabi_compat.o
 .bss           0x00000000        0x0 arch/arm/lib/eabi_compat.o
 .text.raise    0x00000000        0x4 arch/arm/lib/eabi_compat.o
 .text.__aeabi_unwind_cpp_pr0
                0x00000000        0x2 arch/arm/lib/eabi_compat.o
 .text.__aeabi_unwind_cpp_pr1
                0x00000000        0x2 arch/arm/lib/eabi_compat.o
 .text.__aeabi_memcpy
                0x00000000        0x4 arch/arm/lib/eabi_compat.o
 .text.__aeabi_memset
                0x00000000        0xa arch/arm/lib/eabi_compat.o
 .debug_info    0x00000000      0x1a4 arch/arm/lib/eabi_compat.o
 .debug_abbrev  0x00000000       0xda arch/arm/lib/eabi_compat.o
 .debug_loc     0x00000000       0x9b arch/arm/lib/eabi_compat.o
 .debug_aranges
                0x00000000       0x40 arch/arm/lib/eabi_compat.o
 .debug_ranges  0x00000000       0x30 arch/arm/lib/eabi_compat.o
 .debug_line    0x00000000       0xe1 arch/arm/lib/eabi_compat.o
 .debug_str     0x00000000      0x1c2 arch/arm/lib/eabi_compat.o
 .comment       0x00000000       0x65 arch/arm/lib/eabi_compat.o
 .note.GNU-stack
                0x00000000        0x0 arch/arm/lib/eabi_compat.o
 .ARM.attributes
                0x00000000       0x2f arch/arm/lib/eabi_compat.o
 .debug_frame   0x00000000       0x60 arch/arm/lib/eabi_compat.o
 .text          0x00000000        0x0 arch/arm/lib/lib.a(ashldi3.o)
 .data          0x00000000        0x0 arch/arm/lib/lib.a(ashldi3.o)
 .bss           0x00000000        0x0 arch/arm/lib/lib.a(ashldi3.o)
 .text          0x00000000        0x0 arch/arm/lib/lib.a(lib1funcs.o)
 .data          0x00000000        0x0 arch/arm/lib/lib.a(lib1funcs.o)
 .bss           0x00000000        0x0 arch/arm/lib/lib.a(lib1funcs.o)
 .text.__umodsi3
                0x00000000       0xa0 arch/arm/lib/lib.a(lib1funcs.o)
 .text.__modsi3
                0x00000000       0xb8 arch/arm/lib/lib.a(lib1funcs.o)
 .text          0x00000000        0x0 arch/arm/lib/lib.a(lshrdi3.o)
 .data          0x00000000        0x0 arch/arm/lib/lib.a(lshrdi3.o)
 .bss           0x00000000        0x0 arch/arm/lib/lib.a(lshrdi3.o)
 .text.__lshldi3
                0x00000000       0x20 arch/arm/lib/lib.a(lshrdi3.o)
 .ARM.attributes
                0x00000000       0x21 arch/arm/lib/lib.a(lshrdi3.o)
 .debug_line    0x00000000       0x4d arch/arm/lib/lib.a(lshrdi3.o)
 .debug_info    0x00000000       0x6d arch/arm/lib/lib.a(lshrdi3.o)
 .debug_abbrev  0x00000000       0x14 arch/arm/lib/lib.a(lshrdi3.o)
 .debug_aranges
                0x00000000       0x20 arch/arm/lib/lib.a(lshrdi3.o)
 .text          0x00000000        0x0 arch/arm/lib/lib.a(div0.o)
 .data          0x00000000        0x0 arch/arm/lib/lib.a(div0.o)
 .bss           0x00000000        0x0 arch/arm/lib/lib.a(div0.o)

Memory Configuration

Name             Origin             Length             Attributes
.sram            0x00000040         0x00005fc0
.sdram           0x4ff80000         0x00080000
*default*        0x00000000         0xffffffff

Linker script and memory map


.text           0x00000040     0x3b78
                0x00000040                __start = .
 *(.vectors)
 .vectors       0x00000040       0x60 arch/arm/lib/built-in.o
                0x00000040                _start
                0x00000060                _undefined_instruction
                0x00000064                _software_interrupt
                0x00000068                _prefetch_abort
                0x0000006c                _data_abort
                0x00000070                _not_used
                0x00000074                _irq
                0x00000078                _fiq
 arch/arm/cpu/armv7/start.o(.text)
 .text          0x000000a0       0xb0 arch/arm/cpu/armv7/start.o
                0x000000a0                reset
                0x000000a4                save_boot_params_ret
                0x000000e0                c_runtime_cpu_setup
                0x000000f4                cpu_init_cp15
                0x00000148                cpu_init_crit
 *(.text*)
 .text.spl_board_load_image
                0x00000150       0x14 arch/arm/mach-sunxi/built-in.o
                0x00000150                spl_board_load_image
 .text.s_init   0x00000164       0x58 arch/arm/mach-sunxi/built-in.o
                0x00000164                s_init
 .text.spl_boot_device
                0x000001bc       0x44 arch/arm/mach-sunxi/built-in.o
                0x000001bc                spl_boot_device
 .text.spl_board_announce_boot_device
                0x00000200        0xc arch/arm/mach-sunxi/built-in.o
                0x00000200                spl_board_announce_boot_device
 .text.spl_boot_mode
                0x0000020c        0x4 arch/arm/mach-sunxi/built-in.o
                0x0000020c                spl_boot_mode
 .text.board_init_f
                0x00000210       0x20 arch/arm/mach-sunxi/built-in.o
                0x00000210                board_init_f
 .text.reset_cpu
                0x00000230       0x20 arch/arm/mach-sunxi/built-in.o
                0x00000230                reset_cpu
 .text.clock_init_sec
                0x00000250       0x14 arch/arm/mach-sunxi/built-in.o
                0x00000254                clock_init_sec
 .text.clock_init
                0x00000264       0x12 arch/arm/mach-sunxi/built-in.o
                0x00000264                clock_init
 *fill*         0x00000276        0x2 00
 .text.clock_twi_onoff
                0x00000278       0x50 arch/arm/mach-sunxi/built-in.o
                0x00000278                clock_twi_onoff
 .text.mctl_await_completion
                0x000002c8       0x38 arch/arm/mach-sunxi/built-in.o
                0x000002c8                mctl_await_completion
 .text.mctl_mem_matches
                0x00000300       0x34 arch/arm/mach-sunxi/built-in.o
                0x00000300                mctl_mem_matches
 .text.sunxi_gpio_set_cfgbank
                0x00000334       0x24 arch/arm/mach-sunxi/built-in.o
                0x00000334                sunxi_gpio_set_cfgbank
 .text.sunxi_gpio_set_cfgpin
                0x00000358       0x2c arch/arm/mach-sunxi/built-in.o
                0x00000358                sunxi_gpio_set_cfgpin
 .text.sunxi_gpio_set_drv
                0x00000384       0x4c arch/arm/mach-sunxi/built-in.o
                0x00000384                sunxi_gpio_set_drv
 .text.sunxi_gpio_set_pull
                0x000003d0       0x4c arch/arm/mach-sunxi/built-in.o
                0x000003d0                sunxi_gpio_set_pull
 .text.prcm_apb0_enable
                0x0000041c       0x18 arch/arm/mach-sunxi/built-in.o
                0x0000041c                prcm_apb0_enable
 .text.prcm_apb0_disable
                0x00000434       0x1c arch/arm/mach-sunxi/built-in.o
                0x00000434                prcm_apb0_disable
 .text.clock_init_uart
                0x00000450       0x28 arch/arm/mach-sunxi/built-in.o
                0x00000450                clock_init_uart
 .text.clock_set_pll1
                0x00000478       0x88 arch/arm/mach-sunxi/built-in.o
                0x00000478                clock_set_pll1
 .text.clock_init_safe
                0x00000500       0x78 arch/arm/mach-sunxi/built-in.o
                0x00000500                clock_init_safe
 .text.clock_set_pll5
                0x00000578       0xa0 arch/arm/mach-sunxi/built-in.o
                0x00000578                clock_set_pll5
 .text.clock_get_pll6
                0x00000618       0x28 arch/arm/mach-sunxi/built-in.o
                0x00000618                clock_get_pll6
 .text.mctl_set_cr
                0x00000640       0x6c arch/arm/mach-sunxi/built-in.o
 .text.mctl_phy_init
                0x000006ac       0x20 arch/arm/mach-sunxi/built-in.o
 .text.sunxi_dram_init
                0x000006cc      0x7f8 arch/arm/mach-sunxi/built-in.o
                0x000006cc                sunxi_dram_init
 .text          0x00000ec4      0x1dc arch/arm/cpu/armv7/built-in.o
                0x00000ec4                __v7_flush_dcache_all
                0x00000f60                v7_flush_dcache_all
                0x00000f70                __v7_invalidate_dcache_all
                0x0000100c                v7_invalidate_dcache_all
                0x0000101c                lowlevel_init
                0x0000103c                save_boot_params
                0x0000106c                return_to_fel
 .text.timer_init
                0x000010a0       0x20 arch/arm/cpu/armv7/built-in.o
                0x000010a0                timer_init
 .text.get_timer_masked
                0x000010c0       0x50 arch/arm/cpu/armv7/built-in.o
                0x000010c0                get_timer_masked
 .text.get_timer
                0x00001110        0xc arch/arm/cpu/armv7/built-in.o
                0x00001110                get_timer
 .text.__udelay
                0x0000111c       0x38 arch/arm/cpu/armv7/built-in.o
                0x0000111c                __udelay
 .text.get_ticks
                0x00001154        0xa arch/arm/cpu/armv7/built-in.o
                0x00001154                get_ticks
 .text.get_tbclk
                0x0000115e        0x6 arch/arm/cpu/armv7/built-in.o
                0x0000115e                get_tbclk
 .text.tzpc_init
                0x00001164       0x20 arch/arm/cpu/armv7/built-in.o
                0x00001164                tzpc_init
 .text          0x00001184       0x6c arch/arm/lib/built-in.o
                0x00001184                _main
 .text.disable_interrupts
                0x000011f0        0x4 arch/arm/lib/built-in.o
                0x000011f0                disable_interrupts
 .text.reset_misc
                0x000011f4        0x2 arch/arm/lib/built-in.o
                0x000011f4                reset_misc
 *fill*         0x000011f6        0x2 00
 .text.do_reset
                0x000011f8       0x28 arch/arm/lib/built-in.o
                0x000011f8                do_reset
 .text.mmc_pinmux_setup
                0x00001220       0xf4 board/sunxi/built-in.o
 .text.board_mmc_init
                0x00001314       0x2e board/sunxi/built-in.o
                0x00001314                board_mmc_init
 .text.i2c_init_board
                0x00001342       0x22 board/sunxi/built-in.o
                0x00001342                i2c_init_board
 .text.sunxi_board_init
                0x00001364       0x4c board/sunxi/built-in.o
                0x00001364                sunxi_board_init
 .text.show_boot_progress
                0x000013b0        0x2 common/spl/built-in.o
                0x000013b0                show_boot_progress
 .text.spl_board_prepare_for_boot
                0x000013b2        0x2 common/spl/built-in.o
                0x000013b2                spl_board_prepare_for_boot
 .text.spl_set_header_raw_uboot
                0x000013b4       0x24 common/spl/built-in.o
                0x000013b4                spl_set_header_raw_uboot
 .text.spl_parse_image_header
                0x000013d8       0x54 common/spl/built-in.o
                0x000013d8                spl_parse_image_header
 .text.jump_to_image_no_args
                0x0000142c        0x6 common/spl/built-in.o
                0x0000142c                jump_to_image_no_args
 .text.spl_init
                0x00001432       0x1a common/spl/built-in.o
                0x00001432                spl_init
 .text.board_boot_order
                0x0000144c        0xc common/spl/built-in.o
                0x0000144c                board_boot_order
 .text.board_init_r
                0x00001458       0xf0 common/spl/built-in.o
                0x00001458                board_init_r
 .text.preloader_console_init
                0x00001548       0x2c common/spl/built-in.o
                0x00001548                preloader_console_init
 .text.spl_relocate_stack_gd
                0x00001574       0x30 common/spl/built-in.o
                0x00001574                spl_relocate_stack_gd
 .text.spl_mmc_get_device_index
                0x000015a4       0x28 common/spl/built-in.o
                0x000015a4                spl_mmc_get_device_index
 .text.spl_mmc_load_image
                0x000015cc      0x10c common/spl/built-in.o
                0x000015cc                spl_mmc_load_image
 .text.board_init_f_alloc_reserve
                0x000016d8        0xa common/init/built-in.o
                0x000016d8                board_init_f_alloc_reserve
 .text.board_init_f_init_reserve
                0x000016e2       0x16 common/init/built-in.o
                0x000016e2                board_init_f_init_reserve
 .text.fputc    0x000016f8       0x18 common/built-in.o
                0x000016f8                fputc
 .text.putc     0x00001710       0x1a common/built-in.o
                0x00001710                putc
 *fill*         0x0000172a        0x2 00
 .text.fputs    0x0000172c       0x18 common/built-in.o
                0x0000172c                fputs
 .text.puts     0x00001744       0x1a common/built-in.o
                0x00001744                puts
 .text.malloc_simple
                0x0000175e       0x2a common/built-in.o
                0x0000175e                malloc_simple
 .text.calloc   0x00001788       0x1a common/built-in.o
                0x00001788                calloc
 *fill*         0x000017a2        0x2 00
 .text.part_init
                0x000017a4       0x34 disk/built-in.o
                0x000017a4                part_init
 .text.i2c_get_adapter
                0x000017d8       0x3c drivers/built-in.o
                0x000017d8                i2c_get_adapter
 .text.i2c_init_bus
                0x00001814       0x6c drivers/built-in.o
 .text.i2c_write
                0x00001880       0x36 drivers/built-in.o
                0x00001880                i2c_write
 .text.i2c_init
                0x000018b6       0x10 drivers/built-in.o
                0x000018b6                i2c_init
 *fill*         0x000018c6        0x2 00
 .text.__twsi_i2c_set_bus_speed
                0x000018c8       0x58 drivers/built-in.o
 .text.twsi_get_base
                0x00001920       0x20 drivers/built-in.o
 .text.twsi_i2c_set_bus_speed
                0x00001940       0x12 drivers/built-in.o
 .text.twsi_wait.isra.1
                0x00001952       0x52 drivers/built-in.o
 .text.i2c_begin.isra.4
                0x000019a4       0x3a drivers/built-in.o
 .text.twsi_stop.isra.6
                0x000019de       0x42 drivers/built-in.o
 .text.twsi_i2c_probe
                0x00001a20       0x40 drivers/built-in.o
 .text.twsi_i2c_init
                0x00001a60       0x3c drivers/built-in.o
 .text.twsi_i2c_write
                0x00001a9c       0xac drivers/built-in.o
 .text.twsi_i2c_read
                0x00001b48       0xd4 drivers/built-in.o
 .text.gpio_request
                0x00001c1c        0x4 drivers/built-in.o
                0x00001c1c                gpio_request
 .text.gpio_direction_input
                0x00001c20        0xc drivers/built-in.o
                0x00001c20                gpio_direction_input
 .text.gpio_get_value
                0x00001c2c       0x34 drivers/built-in.o
                0x00001c2c                gpio_get_value
 .text.sunxi_name_to_gpio
                0x00001c60       0x58 drivers/built-in.o
                0x00001c60                sunxi_name_to_gpio
 .text.sunxi_name_to_gpio_bank
                0x00001cb8       0x24 drivers/built-in.o
                0x00001cb8                sunxi_name_to_gpio_bank
 .text.mmc_berase
                0x00001cdc        0x4 drivers/built-in.o
 .text.mmc_bwrite
                0x00001ce0        0x4 drivers/built-in.o
 .text.find_mmc_device
                0x00001ce4       0x2c drivers/built-in.o
                0x00001ce4                find_mmc_device
 .text.mmc_select_hwpartp
                0x00001d10       0x36 drivers/built-in.o
 .text.mmc_get_dev
                0x00001d46       0x1e drivers/built-in.o
 .text.mmc_get_next_devnum
                0x00001d64       0x10 drivers/built-in.o
                0x00001d64                mmc_get_next_devnum
 .text.mmc_get_blk_desc
                0x00001d74        0x4 drivers/built-in.o
                0x00001d74                mmc_get_blk_desc
 .text.mmc_do_preinit
                0x00001d78       0x20 drivers/built-in.o
                0x00001d78                mmc_do_preinit
 .text.mmc_list_init
                0x00001d98       0x18 drivers/built-in.o
                0x00001d98                mmc_list_init
 .text.mmc_list_add
                0x00001db0       0x14 drivers/built-in.o
                0x00001db0                mmc_list_add
 .text.mmc_create
                0x00001dc4       0x84 drivers/built-in.o
                0x00001dc4                mmc_create
 .text.mmc_set_ios
                0x00001e48        0xe drivers/built-in.o
 .text.mmc_set_capacity
                0x00001e56       0x6a drivers/built-in.o
 .text.board_mmc_getcd
                0x00001ec0        0x6 drivers/built-in.o
                0x00001ec0                board_mmc_getcd
 .text.mmc_send_cmd
                0x00001ec6        0xc drivers/built-in.o
                0x00001ec6                mmc_send_cmd
 .text.mmc_go_idle
                0x00001ed2       0x32 drivers/built-in.o
 .text.mmc_send_op_cond_iter
                0x00001f04       0x44 drivers/built-in.o
 .text.mmc_send_ext_csd
                0x00001f48       0x2c drivers/built-in.o
 .text.sd_switch.constprop.4
                0x00001f74       0x36 drivers/built-in.o
 *fill*         0x00001faa        0x2 00
 .text.mmc_send_status
                0x00001fac       0x84 drivers/built-in.o
                0x00001fac                mmc_send_status
 .text.mmc_set_blocklen
                0x00002030       0x24 drivers/built-in.o
                0x00002030                mmc_set_blocklen
 .text.mmc_bread
                0x00002054       0xe4 drivers/built-in.o
                0x00002054                mmc_bread
 .text.mmc_switch
                0x00002138       0x34 drivers/built-in.o
                0x00002138                mmc_switch
 .text.mmc_switch_part
                0x0000216c       0x40 drivers/built-in.o
                0x0000216c                mmc_switch_part
 .text.mmc_getcd
                0x000021ac       0x1e drivers/built-in.o
                0x000021ac                mmc_getcd
 .text.mmc_set_clock
                0x000021ca       0x1e drivers/built-in.o
                0x000021ca                mmc_set_clock
 .text.mmc_startup
                0x000021e8      0x8d8 drivers/built-in.o
 .text.board_mmc_power_init
                0x00002ac0        0x2 drivers/built-in.o
                0x00002ac0                board_mmc_power_init
 *fill*         0x00002ac2        0x2 00
 .text.mmc_start_init
                0x00002ac4      0x194 drivers/built-in.o
                0x00002ac4                mmc_start_init
 .text.mmc_init
                0x00002c58       0x96 drivers/built-in.o
                0x00002c58                mmc_init
 .text.cpu_mmc_init
                0x00002cee        0x6 drivers/built-in.o
                0x00002cee                cpu_mmc_init
 .text.mmc_initialize
                0x00002cf4       0x30 drivers/built-in.o
                0x00002cf4                mmc_initialize
 .text.sunxi_mmc_core_init
                0x00002d24       0x1a drivers/built-in.o
 *fill*         0x00002d3e        0x2 00
 .text.mmc_update_clk
                0x00002d40       0x4c drivers/built-in.o
 .text.sunxi_mmc_send_cmd
                0x00002d8c      0x27c drivers/built-in.o
 .text.sunxi_mmc_getcd_gpio
                0x00003008       0x24 drivers/built-in.o
 .text.sunxi_mmc_getcd
                0x0000302c       0x20 drivers/built-in.o
 .text.mmc_set_mod_clk
                0x0000304c       0xb4 drivers/built-in.o
 .text.sunxi_mmc_set_ios
                0x00003100       0x74 drivers/built-in.o
 .text.sunxi_mmc_init
                0x00003174      0x11c drivers/built-in.o
                0x00003174                sunxi_mmc_init
 .text.get_current
                0x00003290       0x2c drivers/built-in.o
 .text.serial_init
                0x000032bc       0x16 drivers/built-in.o
                0x000032bc                serial_init
 .text.serial_putc
                0x000032d2       0x10 drivers/built-in.o
                0x000032d2                serial_putc
 .text.serial_puts
                0x000032e2       0x10 drivers/built-in.o
                0x000032e2                serial_puts
 *fill*         0x000032f2        0x2 00
 .text._serial_putc
                0x000032f4       0x2c drivers/built-in.o
 .text.eserial1_putc
                0x00003320        0x6 drivers/built-in.o
 .text._serial_puts
                0x00003326       0x18 drivers/built-in.o
 .text.eserial1_puts
                0x0000333e        0x6 drivers/built-in.o
 .text._serial_tstc
                0x00003344       0x10 drivers/built-in.o
 .text.eserial1_tstc
                0x00003354        0x6 drivers/built-in.o
 *fill*         0x0000335a        0x2 00
 .text._serial_getc
                0x0000335c       0x14 drivers/built-in.o
 .text.eserial1_getc
                0x00003370        0x6 drivers/built-in.o
 *fill*         0x00003376        0x2 00
 .text._serial_setbrg
                0x00003378       0x2c drivers/built-in.o
 .text.eserial1_setbrg
                0x000033a4        0x6 drivers/built-in.o
 *fill*         0x000033aa        0x2 00
 .text.eserial1_init
                0x000033ac       0x24 drivers/built-in.o
 .text.default_serial_console
                0x000033d0        0x8 drivers/built-in.o
                0x000033d0                default_serial_console
 .text.ns16550_calc_divisor
                0x000033d8       0x10 drivers/built-in.o
                0x000033d8                ns16550_calc_divisor
 .text.NS16550_init
                0x000033e8       0x48 drivers/built-in.o
                0x000033e8                NS16550_init
 .text.NS16550_reinit
                0x00003430       0x54 drivers/built-in.o
                0x00003430                NS16550_reinit
 .text.NS16550_putc
                0x00003484       0x12 drivers/built-in.o
                0x00003484                NS16550_putc
 .text.NS16550_getc
                0x00003496       0x12 drivers/built-in.o
                0x00003496                NS16550_getc
 .text.NS16550_tstc
                0x000034a8        0xc drivers/built-in.o
                0x000034a8                NS16550_tstc
 .text.sy8106a_set_vout1
                0x000034b4       0x3c drivers/built-in.o
                0x000034b4                sy8106a_set_vout1
 .text.blk_driver_lookup_type
                0x000034f0       0x2c drivers/built-in.o
                0x000034f0                blk_driver_lookup_type
 .text.blk_dselect_hwpart
                0x0000351c       0x24 drivers/built-in.o
                0x0000351c                blk_dselect_hwpart
 .text.__div64_32
                0x00003540       0x9a lib/built-in.o
                0x00003540                __div64_32
 *fill*         0x000035da        0x2 00
 .text.hang     0x000035dc       0x18 lib/built-in.o
                0x000035dc                hang
 .text.memset   0x000035f4       0x42 lib/built-in.o
                0x000035f4                memset
 .text.memcpy   0x00003636       0x42 lib/built-in.o
                0x00003636                memcpy
 .text.memcmp   0x00003678       0x1a lib/built-in.o
                0x00003678                memcmp
 .text.tick_to_time
                0x00003692       0x46 lib/built-in.o
 .text.timer_get_us
                0x000036d8       0x1c lib/built-in.o
                0x000036d8                timer_get_us
 .text.udelay   0x000036f4       0x20 lib/built-in.o
                0x000036f4                udelay
 .text.div_out  0x00003714       0x32 lib/built-in.o
 .text.putc_normal
                0x00003746        0x6 lib/built-in.o
                0x00003746                putc_normal
 .text._vprintf
                0x0000374c      0x1a0 lib/built-in.o
                0x0000374c                _vprintf
 .text.vprintf  0x000038ec       0x1c lib/built-in.o
                0x000038ec                vprintf
 .text.printf   0x00003908       0x24 lib/built-in.o
                0x00003908                printf
 .text.panic_finish
                0x0000392c       0x20 lib/built-in.o
 .text.panic    0x0000394c       0x14 lib/built-in.o
                0x0000394c                panic
 .text.simple_strtoul
                0x00003960       0x70 lib/built-in.o
                0x00003960                simple_strtoul
 .text.simple_strtol
                0x000039d0       0x1a lib/built-in.o
                0x000039d0                simple_strtol
 *fill*         0x000039ea        0x2 00
 .text.__ashldi3
                0x000039ec       0x20 arch/arm/lib/lib.a(ashldi3.o)
                0x000039ec                __ashldi3
                0x000039ec                __aeabi_llsl
 .text.__udivsi3
                0x00003a0c       0x9c arch/arm/lib/lib.a(lib1funcs.o)
                0x00003a0c                __udivsi3
                0x00003a0c                __aeabi_uidiv
 .text.__divsi3
                0x00003aa8       0xcc arch/arm/lib/lib.a(lib1funcs.o)
                0x00003aa8                __aeabi_idiv
                0x00003aa8                __divsi3
 .text.__aeabi_uidivmod
                0x00003b74       0x30 arch/arm/lib/lib.a(lib1funcs.o)
                0x00003b74                __aeabi_uidivmod
                0x00003b8c                __aeabi_idivmod
 .text.Ldiv0    0x00003ba4       0x10 arch/arm/lib/lib.a(lib1funcs.o)
 .text.__div0   0x00003bb4        0x4 arch/arm/lib/lib.a(div0.o)
                0x00003bb4                __div0

.glue_7         0x00003bb8        0x0
 .glue_7        0x00000000        0x0 linker stubs

.glue_7t        0x00003bb8        0x0
 .glue_7t       0x00000000        0x0 linker stubs

.vfp11_veneer   0x00003bb8        0x0
 .vfp11_veneer  0x00000000        0x0 linker stubs

.v4_bx          0x00003bb8        0x0
 .v4_bx         0x00000000        0x0 linker stubs

.iplt           0x00003bb8        0x0
 .iplt          0x00000000        0x0 arch/arm/cpu/armv7/start.o
                0x00003bb8                . = ALIGN (0x4)

.rodata         0x00003bb8      0xdb6
 *(SORT(.rodata*))
 .rodata        0x00003bb8       0x10 arch/arm/mach-sunxi/built-in.o
 .rodata.fbase  0x00003bc8       0x10 drivers/built-in.o
 .rodata.ext_csd_bits.6122
                0x00003bd8       0x14 drivers/built-in.o
 .rodata.ext_to_hostcaps.6123
                0x00003bec       0x1c drivers/built-in.o
 .rodata.widths.6124
                0x00003c08       0x14 drivers/built-in.o
 .rodata.sunxi_mmc_ops
                0x00003c1c       0x14 drivers/built-in.o
 .rodata.serial_ports
                0x00003c30       0x18 drivers/built-in.o
 .rodata.str1.1
                0x00003c48       0x88 arch/arm/mach-sunxi/built-in.o
                                 0x89 (size before relaxing)
 .rodata.lookup_table.4213
                0x00003cd0       0x20 arch/arm/mach-sunxi/built-in.o
 .rodata.lookup_table.4226
                0x00003cf0       0x20 arch/arm/mach-sunxi/built-in.o
 .rodata.str1.1
                0x00003d10      0x30e arch/arm/lib/built-in.o
                                0x357 (size before relaxing)
 .rodata.str1.1
                0x0000401e       0xfd board/sunxi/built-in.o
                                0x109 (size before relaxing)
 .rodata.str1.1
                0x0000411b      0x1d3 common/spl/built-in.o
                                0x1d9 (size before relaxing)
 .rodata.str1.1
                0x000042ee      0x388 drivers/built-in.o
                                0x39c (size before relaxing)
 .rodata.multipliers
                0x00004676       0x10 drivers/built-in.o
 .rodata.str1.1
                0x00004686      0x1e8 lib/built-in.o
                                0x1ea (size before relaxing)
 .rodata._ctype
                0x0000486e      0x100 lib/built-in.o
                0x0000486e                _ctype

.rel.dyn        0x00004970        0x0
 .rel.iplt      0x00000000        0x0 arch/arm/cpu/armv7/start.o
                0x00004970                . = ALIGN (0x4)

.data           0x00004970      0x198
 *(SORT(.data*))
 .data          0x00004970       0xc8 arch/arm/lib/built-in.o
                0x00004970                gdata
 .data          0x00004a38       0x18 arch/arm/mach-sunxi/built-in.o
                0x00004a38                fel_stash
 .data          0x00004a50       0x50 common/spl/built-in.o
 .data.spl_boot_list
                0x00004aa0       0x14 common/spl/built-in.o
 .data.boot_name_table
                0x00004ab4       0x20 common/spl/built-in.o
                0x00004ab4                boot_name_table
 .data.cur_dev_num
                0x00004ad4        0x4 drivers/built-in.o
 .data.eserial1_device
                0x00004ad8       0x30 drivers/built-in.o
                0x00004ad8                eserial1_device

.igot.plt       0x00004b08        0x0
 .igot.plt      0x00000000        0x0 arch/arm/cpu/armv7/start.o

.__bss_end      0x00004b08        0x0
 .__bss_end     0x00004b08        0x0 arch/arm/lib/built-in.o

.__bss_start    0x00004b08        0x0
 .__bss_start   0x00004b08        0x0 arch/arm/lib/built-in.o
                0x00004b08                . = ALIGN (0x4)

.u_boot_list    0x00004b08       0x44
 *(SORT(.u_boot_list*))
 .u_boot_list_2_blk_driver_1
                0x00004b08        0x0 drivers/built-in.o
 .u_boot_list_2_blk_driver_2_mmc
                0x00004b08       0x18 drivers/built-in.o
                0x00004b08                _u_boot_list_2_blk_driver_2_mmc
 .u_boot_list_2_blk_driver_3
                0x00004b20        0x0 drivers/built-in.o
 .u_boot_list_2_cmd_1
                0x00004b20        0x0 common/built-in.o
 .u_boot_list_2_cmd_3
                0x00004b20        0x0 common/built-in.o
 .u_boot_list_2_i2c_1
                0x00004b20        0x0 drivers/built-in.o
 .u_boot_list_2_i2c_2_twsi5
                0x00004b20       0x2c drivers/built-in.o
                0x00004b20                _u_boot_list_2_i2c_2_twsi5
 .u_boot_list_2_i2c_3
                0x00004b4c        0x0 drivers/built-in.o
 .u_boot_list_2_part_driver_1
                0x00004b4c        0x0 disk/built-in.o
 .u_boot_list_2_part_driver_3
                0x00004b4c        0x0 disk/built-in.o
                0x00004b4c                . = ALIGN (0x4)
                0x00004b4c                __image_copy_end = .
                0x00004b4c                _end = .

.bss            0x4ff80000       0xf4
                0x4ff80000                . = ALIGN (0x4)
                0x4ff80000                __bss_start = .
 *(.bss*)
 .bss.spl_image
                0x4ff80000       0x18 common/spl/built-in.o
                0x4ff80000                spl_image
 .bss.stdio_devices
                0x4ff80018        0xc common/built-in.o
                0x4ff80018                stdio_devices
 .bss.mmc_devices
                0x4ff80024        0x8 drivers/built-in.o
 .bss.initialized.6174
                0x4ff8002c        0x4 drivers/built-in.o
 .bss.mmc_host  0x4ff80030       0xc0 drivers/built-in.o
                0x4ff80030                mmc_host
 .bss.serial_current
                0x4ff800f0        0x4 drivers/built-in.o
                0x4ff800f4                . = ALIGN (0x4)
                0x4ff800f4                __bss_end = .
Address of section .text set to 0x40
LOAD arch/arm/cpu/armv7/start.o
START GROUP
LOAD arch/arm/mach-sunxi/built-in.o
LOAD arch/arm/cpu/armv7/built-in.o
LOAD arch/arm/cpu/built-in.o
LOAD arch/arm/lib/built-in.o
LOAD board/sunxi/built-in.o
LOAD common/spl/built-in.o
LOAD common/init/built-in.o
LOAD common/built-in.o
LOAD cmd/built-in.o
LOAD disk/built-in.o
LOAD drivers/built-in.o
LOAD dts/built-in.o
LOAD fs/built-in.o
LOAD lib/built-in.o
END GROUP
LOAD arch/arm/lib/eabi_compat.o
LOAD arch/arm/lib/lib.a
OUTPUT(u-boot-spl elf32-littlearm)

.ARM.attributes
                0x00000000       0x2f
 .ARM.attributes
                0x00000000       0x21 arch/arm/cpu/armv7/start.o
 .ARM.attributes
                0x00000021       0x2f arch/arm/mach-sunxi/built-in.o
 .ARM.attributes
                0x00000050       0x31 arch/arm/cpu/armv7/built-in.o
 .ARM.attributes
                0x00000081       0x2d arch/arm/lib/built-in.o
 .ARM.attributes
                0x000000ae       0x2f board/sunxi/built-in.o
 .ARM.attributes
                0x000000dd       0x2f common/spl/built-in.o
 .ARM.attributes
                0x0000010c       0x2f common/init/built-in.o
 .ARM.attributes
                0x0000013b       0x2f common/built-in.o
 .ARM.attributes
                0x0000016a       0x2f disk/built-in.o
 .ARM.attributes
                0x00000199       0x2f drivers/built-in.o
 .ARM.attributes
                0x000001c8       0x2f lib/built-in.o
 .ARM.attributes
                0x000001f7       0x21 arch/arm/lib/lib.a(ashldi3.o)
 .ARM.attributes
                0x00000218       0x21 arch/arm/lib/lib.a(lib1funcs.o)
 .ARM.attributes
                0x00000239       0x2f arch/arm/lib/lib.a(div0.o)

.comment        0x00000000       0x64
 .comment       0x00000000       0x64 arch/arm/mach-sunxi/built-in.o
                                0x3f2 (size before relaxing)
 .comment       0x00000000      0x38d arch/arm/cpu/armv7/built-in.o
 .comment       0x00000000      0x38d arch/arm/lib/built-in.o
 .comment       0x00000000       0x65 board/sunxi/built-in.o
 .comment       0x00000000       0xca common/spl/built-in.o
 .comment       0x00000000       0x65 common/init/built-in.o
 .comment       0x00000000      0x521 common/built-in.o
 .comment       0x00000000       0x65 disk/built-in.o
 .comment       0x00000000      0x457 drivers/built-in.o
 .comment       0x00000000      0x650 lib/built-in.o
 .comment       0x00000000       0x65 arch/arm/lib/lib.a(div0.o)

.note.GNU-stack
                0x00000000        0x0
 .note.GNU-stack
                0x00000000        0x0 arch/arm/mach-sunxi/built-in.o
 .note.GNU-stack
                0x00000000        0x0 arch/arm/cpu/armv7/built-in.o
 .note.GNU-stack
                0x00000000        0x0 arch/arm/lib/built-in.o
 .note.GNU-stack
                0x00000000        0x0 board/sunxi/built-in.o
 .note.GNU-stack
                0x00000000        0x0 common/spl/built-in.o
 .note.GNU-stack
                0x00000000        0x0 common/init/built-in.o
 .note.GNU-stack
                0x00000000        0x0 common/built-in.o
 .note.GNU-stack
                0x00000000        0x0 disk/built-in.o
 .note.GNU-stack
                0x00000000        0x0 drivers/built-in.o
 .note.GNU-stack
                0x00000000        0x0 lib/built-in.o
 .note.GNU-stack
                0x00000000        0x0 arch/arm/lib/lib.a(div0.o)

.debug_line     0x00000000     0x9024
 .debug_line    0x00000000       0x87 arch/arm/cpu/armv7/start.o
 .debug_line    0x00000087      0xea2 arch/arm/mach-sunxi/built-in.o
 .debug_line    0x00000f29      0xab6 arch/arm/cpu/armv7/built-in.o
 .debug_line    0x000019df      0xabe arch/arm/lib/built-in.o
 .debug_line    0x0000249d      0x311 board/sunxi/built-in.o
 .debug_line    0x000027ae      0x456 common/spl/built-in.o
 .debug_line    0x00002c04      0x116 common/init/built-in.o
 .debug_line    0x00002d1a     0x2222 common/built-in.o
 .debug_line    0x00004f3c      0x323 disk/built-in.o
 .debug_line    0x0000525f     0x2008 drivers/built-in.o
 .debug_line    0x00007267     0x1c28 lib/built-in.o
 .debug_line    0x00008e8f       0x4d arch/arm/lib/lib.a(ashldi3.o)
 .debug_line    0x00008edc      0x103 arch/arm/lib/lib.a(lib1funcs.o)
 .debug_line    0x00008fdf       0x45 arch/arm/lib/lib.a(div0.o)

.debug_info     0x00000000    0x29194
 .debug_info    0x00000000       0x71 arch/arm/cpu/armv7/start.o
 .debug_info    0x00000071     0x675d arch/arm/mach-sunxi/built-in.o
 .debug_info    0x000067ce     0x1a98 arch/arm/cpu/armv7/built-in.o
 .debug_info    0x00008266     0x287e arch/arm/lib/built-in.o
 .debug_info    0x0000aae4     0x1241 board/sunxi/built-in.o
 .debug_info    0x0000bd25     0x2917 common/spl/built-in.o
 .debug_info    0x0000e63c      0x5c3 common/init/built-in.o
 .debug_info    0x0000ebff     0x9052 common/built-in.o
 .debug_info    0x00017c51      0xf32 disk/built-in.o
 .debug_info    0x00018b83     0xb217 drivers/built-in.o
 .debug_info    0x00023d9a     0x52d9 lib/built-in.o
 .debug_info    0x00029073       0x6d arch/arm/lib/lib.a(ashldi3.o)
 .debug_info    0x000290e0       0x6b arch/arm/lib/lib.a(lib1funcs.o)
 .debug_info    0x0002914b       0x49 arch/arm/lib/lib.a(div0.o)

.debug_abbrev   0x00000000     0x9018
 .debug_abbrev  0x00000000       0x14 arch/arm/cpu/armv7/start.o
 .debug_abbrev  0x00000014     0x12e3 arch/arm/mach-sunxi/built-in.o
 .debug_abbrev  0x000012f7      0xaa7 arch/arm/cpu/armv7/built-in.o
 .debug_abbrev  0x00001d9e      0xb1c arch/arm/lib/built-in.o
 .debug_abbrev  0x000028ba      0x368 board/sunxi/built-in.o
 .debug_abbrev  0x00002c22      0x6ef common/spl/built-in.o
 .debug_abbrev  0x00003311      0x17f common/init/built-in.o
 .debug_abbrev  0x00003490     0x1e8b common/built-in.o
 .debug_abbrev  0x0000531b      0x34a disk/built-in.o
 .debug_abbrev  0x00005665     0x1fb3 drivers/built-in.o
 .debug_abbrev  0x00007618     0x199e lib/built-in.o
 .debug_abbrev  0x00008fb6       0x14 arch/arm/lib/lib.a(ashldi3.o)
 .debug_abbrev  0x00008fca       0x12 arch/arm/lib/lib.a(lib1funcs.o)
 .debug_abbrev  0x00008fdc       0x3c arch/arm/lib/lib.a(div0.o)

.debug_aranges  0x00000000     0x1a00
 .debug_aranges
                0x00000000       0x20 arch/arm/cpu/armv7/start.o
 .debug_aranges
                0x00000020      0x298 arch/arm/mach-sunxi/built-in.o
 .debug_aranges
                0x000002b8      0x2a0 arch/arm/cpu/armv7/built-in.o
 .debug_aranges
                0x00000558      0x240 arch/arm/lib/built-in.o
 .debug_aranges
                0x00000798       0x68 board/sunxi/built-in.o
 .debug_aranges
                0x00000800       0xb0 common/spl/built-in.o
 .debug_aranges
                0x000008b0       0x30 common/init/built-in.o
 .debug_aranges
                0x000008e0      0x568 common/built-in.o
 .debug_aranges
                0x00000e48       0x58 disk/built-in.o
 .debug_aranges
                0x00000ea0      0x620 drivers/built-in.o
 .debug_aranges
                0x000014c0      0x4b8 lib/built-in.o
 .debug_aranges
                0x00001978       0x20 arch/arm/lib/lib.a(ashldi3.o)
 .debug_aranges
                0x00001998       0x48 arch/arm/lib/lib.a(lib1funcs.o)
 .debug_aranges
                0x000019e0       0x20 arch/arm/lib/lib.a(div0.o)

.debug_frame    0x00000000     0x3a10
 .debug_frame   0x00000000      0x52c arch/arm/mach-sunxi/built-in.o
 .debug_frame   0x0000052c      0x37c arch/arm/cpu/armv7/built-in.o
 .debug_frame   0x000008a8      0x3ac arch/arm/lib/built-in.o
 .debug_frame   0x00000c54      0x110 board/sunxi/built-in.o
 .debug_frame   0x00000d64      0x168 common/spl/built-in.o
 .debug_frame   0x00000ecc       0x48 common/init/built-in.o
 .debug_frame   0x00000f14      0xd4c common/built-in.o
 .debug_frame   0x00001c60      0x100 disk/built-in.o
 .debug_frame   0x00001d60      0xfc8 drivers/built-in.o
 .debug_frame   0x00002d28      0xcc8 lib/built-in.o
 .debug_frame   0x000039f0       0x20 arch/arm/lib/lib.a(div0.o)

.debug_str      0x00000000     0x743a
 .debug_str     0x00000000     0x181f arch/arm/mach-sunxi/built-in.o
                               0x3b17 (size before relaxing)
 .debug_str     0x0000181f      0x615 arch/arm/cpu/armv7/built-in.o
                               0x13a7 (size before relaxing)
 .debug_str     0x00001e34      0x561 arch/arm/lib/built-in.o
                               0x1c1e (size before relaxing)
 .debug_str     0x00002395      0x4b9 board/sunxi/built-in.o
                                0xaf1 (size before relaxing)
 .debug_str     0x0000284e      0xaa2 common/spl/built-in.o
                               0x1fc9 (size before relaxing)
 .debug_str     0x000032f0       0x55 common/init/built-in.o
                                0x472 (size before relaxing)
 .debug_str     0x00003345     0x223d common/built-in.o
                               0x5975 (size before relaxing)
 .debug_str     0x00005582      0x1c2 disk/built-in.o
                                0x75d (size before relaxing)
 .debug_str     0x00005744     0x14ba drivers/built-in.o
                               0x58cd (size before relaxing)
 .debug_str     0x00006bfe      0x821 lib/built-in.o
                               0x308d (size before relaxing)
 .debug_str     0x0000741f       0x1b arch/arm/lib/lib.a(div0.o)
                                 0x72 (size before relaxing)

.debug_loc      0x00000000    0x123bb
 .debug_loc     0x00000000     0x154d arch/arm/mach-sunxi/built-in.o
 .debug_loc     0x0000154d      0x73b arch/arm/cpu/armv7/built-in.o
 .debug_loc     0x00001c88      0x9b7 arch/arm/lib/built-in.o
 .debug_loc     0x0000263f      0x3e9 board/sunxi/built-in.o
 .debug_loc     0x00002a28      0x618 common/spl/built-in.o
 .debug_loc     0x00003040       0xb1 common/init/built-in.o
 .debug_loc     0x000030f1     0x5554 common/built-in.o
 .debug_loc     0x00008645      0x895 disk/built-in.o
 .debug_loc     0x00008eda     0x4cfa drivers/built-in.o
 .debug_loc     0x0000dbd4     0x47e7 lib/built-in.o

.debug_ranges   0x00000000     0x2820
 .debug_ranges  0x00000000      0x5c0 arch/arm/mach-sunxi/built-in.o
 .debug_ranges  0x000005c0      0x238 arch/arm/cpu/armv7/built-in.o
 .debug_ranges  0x000007f8      0x180 arch/arm/lib/built-in.o
 .debug_ranges  0x00000978       0x58 board/sunxi/built-in.o
 .debug_ranges  0x000009d0       0xf0 common/spl/built-in.o
 .debug_ranges  0x00000ac0       0x20 common/init/built-in.o
 .debug_ranges  0x00000ae0      0x6c8 common/built-in.o
 .debug_ranges  0x000011a8       0xa8 disk/built-in.o
 .debug_ranges  0x00001250      0xde0 drivers/built-in.o
 .debug_ranges  0x00002030      0x7a0 lib/built-in.o
 .debug_ranges  0x000027d0       0x40 arch/arm/lib/lib.a(lib1funcs.o)
 .debug_ranges  0x00002810       0x10 arch/arm/lib/lib.a(div0.o)
